iMPACT Version: Oct 13 2013 08:43:40

iMPACT log file Started on Fri Jun  5 07:03:36 2026

Preference Table
Name                 Setting             
StartupClock         Auto_Correction     
AutoSignature        False               
KeepSVF              False               
ConcurrentMode       False               
UseHighz             False               
ConfigOnFailure      Stop                
UserLevel            Novice              
MessageLevel         Detailed            
svfUseTime           false               
SpiByteSwap          Auto_Correction     
AutoInfer            false               
SvfPlayDisplayComments false               
INFO:iMPACT - Digilent Plugin: Plugin Version: 2.4.4
INFO:iMPACT - Digilent Plugin: found 1 device(s).
INFO:iMPACT - Digilent Plugin: opening device: "Arty", SN:210319789750
INFO:iMPACT - Digilent Plugin: User Name: Arty
INFO:iMPACT - Digilent Plugin: Product Name: Digilent Arty
INFO:iMPACT - Digilent Plugin: Serial Number: 210319789750
INFO:iMPACT - Digilent Plugin: Product ID: 02000151
INFO:iMPACT - Digilent Plugin: Firmware Version: 0108
INFO:iMPACT - Digilent Plugin: JTAG Port Number: 0
INFO:iMPACT - Digilent Plugin: JTAG Clock Frequency: 10000000 Hz
Identifying chain contents...'0': : Manufacturer's ID = Xilinx xc6slx16, Version : 4
INFO:iMPACT:1777 - 
   Reading /opt/Xilinx/14.7/ISE_DS/ISE/spartan6/data/xc6slx16.bsd...
INFO:iMPACT:501 - '1': Added Device xc6slx16 successfully.
----------------------------------------------------------------------
----------------------------------------------------------------------
done.
Elapsed time =      0 sec.
Elapsed time =      0 sec.
ERROR:iMPACT:342 - Open file error, file clk_probe.bit may not exist
