Release 14.7 - xst P.20131013 (lin64)
Copyright (c) 1995-2013 Xilinx, Inc.  All rights reserved.
--> 
Parameter TMPDIR set to xst/projnav.tmp


Total REAL time to Xst completion: 0.00 secs
Total CPU time to Xst completion: 0.02 secs
 
--> 
Parameter xsthdpdir set to xst


Total REAL time to Xst completion: 0.00 secs
Total CPU time to Xst completion: 0.02 secs
 
--> 
Reading design: obd_can_node.prj

TABLE OF CONTENTS
  1) Synthesis Options Summary
  2) HDL Parsing
  3) HDL Elaboration
  4) HDL Synthesis
       4.1) HDL Synthesis Report
  5) Advanced HDL Synthesis
       5.1) Advanced HDL Synthesis Report
  6) Low Level Synthesis
  7) Partition Report
  8) Design Summary
       8.1) Primitive and Black Box Usage
       8.2) Device utilization summary
       8.3) Partition Resource Summary
       8.4) Timing Report
            8.4.1) Clock Information
            8.4.2) Asynchronous Control Signals Information
            8.4.3) Timing Summary
            8.4.4) Timing Details
            8.4.5) Cross Clock Domains Report


=========================================================================
*                      Synthesis Options Summary                        *
=========================================================================
---- Source Parameters
Input File Name                    : "obd_can_node.prj"
Ignore Synthesis Constraint File   : NO

---- Target Parameters
Output File Name                   : "obd_can_node"
Output Format                      : NGC
Target Device                      : xc6slx16-2-csg324

---- Source Options
Top Module Name                    : obd_can_node
Automatic FSM Extraction           : YES
FSM Encoding Algorithm             : Auto
Safe Implementation                : No
FSM Style                          : LUT
RAM Extraction                     : Yes
RAM Style                          : Auto
ROM Extraction                     : Yes
Shift Register Extraction          : YES
ROM Style                          : Auto
Resource Sharing                   : YES
Asynchronous To Synchronous        : NO
Shift Register Minimum Size        : 2
Use DSP Block                      : Auto
Automatic Register Balancing       : No

---- Target Options
LUT Combining                      : Auto
Reduce Control Sets                : Auto
Add IO Buffers                     : YES
Global Maximum Fanout              : 100000
Add Generic Clock Buffer(BUFG)     : 16
Register Duplication               : YES
Optimize Instantiated Primitives   : NO
Use Clock Enable                   : Auto
Use Synchronous Set                : Auto
Use Synchronous Reset              : Auto
Pack IO Registers into IOBs        : Auto
Equivalent register Removal        : YES

---- General Options
Optimization Goal                  : Speed
Optimization Effort                : 1
Power Reduction                    : NO
Keep Hierarchy                     : No
Netlist Hierarchy                  : As_Optimized
RTL Output                         : Yes
Global Optimization                : AllClockNets
Read Cores                         : YES
Write Timing Constraints           : NO
Cross Clock Analysis               : NO
Hierarchy Separator                : /
Bus Delimiter                      : <>
Case Specifier                     : Maintain
Slice Utilization Ratio            : 100
BRAM Utilization Ratio             : 100
DSP48 Utilization Ratio            : 100
Auto BRAM Packing                  : NO
Slice Utilization Ratio Delta      : 5

=========================================================================


=========================================================================
*                          HDL Parsing                                  *
=========================================================================
Analyzing Verilog file "/home/andy/mycode/fpga_gnd_test/assume_board_is_nexys3/every_time_burn/20260605053736/uart_tx.v" into library work
Parsing module <uart_tx>.
Analyzing Verilog file "/home/andy/mycode/fpga_gnd_test/assume_board_is_nexys3/every_time_burn/20260605053736/can_simple_controller.v" into library work
Parsing module <can_simple_controller>.
Analyzing Verilog file "/home/andy/mycode/fpga_gnd_test/assume_board_is_nexys3/every_time_burn/20260605053736/obd_can_node.v" into library work
Parsing module <obd_can_node>.

=========================================================================
*                            HDL Elaboration                            *
=========================================================================

Elaborating module <obd_can_node>.

Elaborating module <can_simple_controller(CLK_HZ=100000000,CAN_BITRATE=500000)>.

Elaborating module <uart_tx(CLK_HZ=100000000,BAUD=115200)>.

=========================================================================
*                           HDL Synthesis                               *
=========================================================================

Synthesizing Unit <obd_can_node>.
    Related source file is "/home/andy/mycode/fpga_gnd_test/assume_board_is_nexys3/every_time_burn/20260605053736/obd_can_node.v".
        CLK_HZ = 100000000
        CAN_BITRATE = 500000
        UART_BAUD = 115200
WARNING:Xst:647 - Input <uart_rx> is never used. This port will be preserved and left unconnected if it belongs to a top-level block or it belongs to a sub-block and the hierarchy of this sub-block is preserved.
    Found 8-bit register for signal <resp_pid>.
    Found 1-bit register for signal <tx_start>.
    Found 11-bit register for signal <tx_id>.
    Found 4-bit register for signal <tx_dlc>.
    Found 64-bit register for signal <tx_data>.
    Found 32-bit register for signal <test_tx_cnt>.
    Found 1-bit register for signal <dbg_pending>.
    Found 8-bit register for signal <dbg_pid>.
    Found 1-bit register for signal <dbg_start>.
    Found 8-bit register for signal <dbg_byte>.
    Found 4-bit register for signal <out_state>.
    Found 2-bit register for signal <out_kind>.
    Found 32-bit register for signal <hb_cnt>.
    Found 1-bit register for signal <hb_pending>.
    Found 1-bit register for signal <can_rx_d1>.
    Found 1-bit register for signal <can_rx_d2>.
    Found 1-bit register for signal <rx_edge_seen_latched>.
    Found 1-bit register for signal <core_rx_start_seen>.
    Found 1-bit register for signal <core_rx_ack_seen>.
    Found 1-bit register for signal <core_rx_crc_ok_seen>.
    Found 1-bit register for signal <core_rx_crc_error_seen>.
    Found 1-bit register for signal <core_rx_stuff_error_seen>.
    Found 1-bit register for signal <tx_attempted>.
    Found 1-bit register for signal <tx_ack_seen_latched>.
    Found 1-bit register for signal <tx_done_seen>.
    Found 1-bit register for signal <resp_pending>.
    Found finite state machine <FSM_0> for signal <out_state>.
    -----------------------------------------------------------------------
    | States             | 14                                             |
    | Transitions        | 45                                             |
    | Inputs             | 5                                              |
    | Outputs            | 4                                              |
    | Clock              | clk (rising_edge)                              |
    | Reset              | reset (positive)                               |
    | Reset type         | synchronous                                    |
    | Reset State        | 0000                                           |
    | Power Up State     | 0000                                           |
    | Encoding           | auto                                           |
    | Implementation     | LUT                                            |
    -----------------------------------------------------------------------
    Found 32-bit adder for signal <test_tx_cnt[31]_GND_1_o_add_16_OUT> created at line 168.
    Found 32-bit adder for signal <hb_cnt[31]_GND_1_o_add_41_OUT> created at line 277.
    Found 4-bit comparator lessequal for signal <n0008> created at line 55
    Found 32-bit comparator greater for signal <n0020> created at line 161
    Found 1-bit comparator equal for signal <n0060> created at line 240
    Found 32-bit comparator greater for signal <n0071> created at line 273
    Summary:
	inferred   2 Adder/Subtractor(s).
	inferred 185 D-type flip-flop(s).
	inferred   4 Comparator(s).
	inferred  20 Multiplexer(s).
	inferred   1 Finite State Machine(s).
Unit <obd_can_node> synthesized.

Synthesizing Unit <can_simple_controller>.
    Related source file is "/home/andy/mycode/fpga_gnd_test/assume_board_is_nexys3/every_time_burn/20260605053736/can_simple_controller.v".
        CLK_HZ = 100000000
        CAN_BITRATE = 500000
        TQ_PER_BIT = 8
        SAMPLE_TQ = 6
    Found 1-bit register for signal <can_rx_ff1>.
    Found 1-bit register for signal <can_rx_ff2>.
    Found 1-bit register for signal <can_rx_prev>.
    Found 5-bit register for signal <tq_div_cnt>.
    Found 3-bit register for signal <tq_cnt>.
    Found 2-bit register for signal <idle_cnt>.
    Found 4-bit register for signal <rx_state>.
    Found 5-bit register for signal <rx_bit_cnt>.
    Found 3-bit register for signal <rx_byte_cnt>.
    Found 8-bit register for signal <rx_byte_shift>.
    Found 15-bit register for signal <rx_crc>.
    Found 15-bit register for signal <rx_crc_recv>.
    Found 4-bit register for signal <rx_dlc_shift>.
    Found 1-bit register for signal <rx_rtr>.
    Found 1-bit register for signal <rx_ide>.
    Found 1-bit register for signal <rx_frame_ok>.
    Found 1-bit register for signal <rx_stuff_error>.
    Found 1-bit register for signal <rx_destuff_en>.
    Found 1-bit register for signal <rx_last_bit>.
    Found 3-bit register for signal <rx_same_cnt>.
    Found 11-bit register for signal <rx_id>.
    Found 4-bit register for signal <rx_dlc>.
    Found 64-bit register for signal <rx_data>.
    Found 1-bit register for signal <rx_valid>.
    Found 1-bit register for signal <prep_active>.
    Found 4-bit register for signal <prep_state>.
    Found 5-bit register for signal <prep_bit_cnt>.
    Found 3-bit register for signal <prep_byte_cnt>.
    Found 15-bit register for signal <prep_crc>.
    Found 1-bit register for signal <prep_need_stuff>.
    Found 1-bit register for signal <prep_last_bit>.
    Found 3-bit register for signal <prep_same_cnt>.
    Found 1-bit register for signal <prep_done_pulse>.
    Found 8-bit register for signal <tx_buf_len>.
    Found 256-bit register for signal <tx_buf>.
    Found 11-bit register for signal <tx_msg_id>.
    Found 4-bit register for signal <tx_msg_dlc>.
    Found 64-bit register for signal <tx_msg_data>.
    Found 8-bit register for signal <tx_ack_index>.
    Found 1-bit register for signal <tx_active>.
    Found 1-bit register for signal <tx_pending>.
    Found 8-bit register for signal <tx_buf_pos>.
    Found 1-bit register for signal <tx_bit>.
    Found 1-bit register for signal <tx_done>.
    Found 1-bit register for signal <tx_ack_seen>.
    Found 1-bit register for signal <drive_ack>.
    Found finite state machine <FSM_1> for signal <rx_state>.
    -----------------------------------------------------------------------
    | States             | 13                                             |
    | Transitions        | 72                                             |
    | Inputs             | 13                                             |
    | Outputs            | 7                                              |
    | Clock              | clk (rising_edge)                              |
    | Reset              | reset (positive)                               |
    | Reset type         | synchronous                                    |
    | Reset State        | 0000                                           |
    | Power Up State     | 0000                                           |
    | Encoding           | auto                                           |
    | Implementation     | LUT                                            |
    -----------------------------------------------------------------------
    Found finite state machine <FSM_2> for signal <prep_state>.
    -----------------------------------------------------------------------
    | States             | 13                                             |
    | Transitions        | 69                                             |
    | Inputs             | 11                                             |
    | Outputs            | 7                                              |
    | Clock              | clk (rising_edge)                              |
    | Reset              | reset (positive)                               |
    | Reset type         | synchronous                                    |
    | Reset State        | 0000                                           |
    | Power Up State     | 0000                                           |
    | Encoding           | auto                                           |
    | Implementation     | LUT                                            |
    -----------------------------------------------------------------------
    Found 4-bit subtractor for signal <rx_dlc[3]_GND_2_o_sub_98_OUT> created at line 369.
    Found 7-bit subtractor for signal <GND_2_o_GND_2_o_sub_191_OUT> created at line 490.
    Found 4-bit subtractor for signal <tx_msg_dlc[3]_GND_2_o_sub_222_OUT> created at line 576.
    Found 8-bit subtractor for signal <tx_buf_len[7]_GND_2_o_sub_303_OUT> created at line 652.
    Found 3-bit adder for signal <tq_cnt[2]_GND_2_o_add_19_OUT> created at line 209.
    Found 5-bit adder for signal <tq_div_cnt[4]_GND_2_o_add_21_OUT> created at line 212.
    Found 2-bit adder for signal <idle_cnt[1]_GND_2_o_add_34_OUT> created at line 224.
    Found 3-bit adder for signal <rx_same_cnt[2]_GND_2_o_add_56_OUT> created at line 288.
    Found 3-bit adder for signal <rx_byte_cnt[2]_GND_2_o_add_99_OUT> created at line 372.
    Found 5-bit adder for signal <rx_bit_cnt[4]_GND_2_o_add_117_OUT> created at line 407.
    Found 8-bit adder for signal <tx_buf_len[7]_GND_2_o_add_198_OUT> created at line 514.
    Found 3-bit adder for signal <prep_same_cnt[2]_GND_2_o_add_203_OUT> created at line 522.
    Found 3-bit adder for signal <prep_byte_cnt[2]_GND_2_o_add_223_OUT> created at line 579.
    Found 5-bit adder for signal <prep_bit_cnt[4]_GND_2_o_add_235_OUT> created at line 607.
    Found 8-bit adder for signal <tx_buf_pos[7]_GND_2_o_add_304_OUT> created at line 657.
    Found 4-bit subtractor for signal <GND_2_o_GND_2_o_sub_187_OUT<3:0>> created at line 475.
    Found 2-bit subtractor for signal <GND_2_o_GND_2_o_sub_189_OUT<1:0>> created at line 487.
    Found 6-bit subtractor for signal <GND_2_o_GND_2_o_sub_192_OUT<5:0>> created at line 490.
    Found 4-bit subtractor for signal <GND_2_o_GND_2_o_sub_194_OUT<3:0>> created at line 493.
    Found 64-bit 8-to-1 multiplexer for signal <rx_byte_cnt[2]_rx_data[63]_wide_mux_96_OUT> created at line 357.
    Found 1-bit 11-to-1 multiplexer for signal <GND_2_o_X_2_o_Mux_187_o> created at line 475.
    Found 1-bit 4-to-1 multiplexer for signal <GND_2_o_tx_msg_dlc[3]_Mux_189_o> created at line 487.
    Found 1-bit 64-to-1 multiplexer for signal <GND_2_o_tx_msg_data[63]_Mux_192_o> created at line 490.
    Found 1-bit 15-to-1 multiplexer for signal <GND_2_o_X_2_o_Mux_194_o> created at line 493.
    Found 1-bit 256-to-1 multiplexer for signal <tx_buf_pos[7]_tx_buf[255]_Mux_306_o> created at line 658.
    Found 15-bit comparator equal for signal <rx_crc_recv[13]_rx_crc[14]_equal_12_o> created at line 159
    Found 1-bit comparator equal for signal <can_rx_s_rx_last_bit_equal_55_o> created at line 280
    Found 4-bit comparator greater for signal <PWR_2_o_rx_dlc_shift_next[3]_LessThan_82_o> created at line 341
    Found 4-bit comparator equal for signal <GND_2_o_rx_dlc[3]_equal_99_o> created at line 369
    Found 4-bit comparator greater for signal <PWR_2_o_tx_dlc[3]_LessThan_180_o> created at line 440
    Found 1-bit comparator equal for signal <prep_state[3]_prep_last_bit_equal_203_o> created at line 521
    Found 4-bit comparator equal for signal <GND_2_o_tx_msg_dlc[3]_equal_223_o> created at line 576
    Found 8-bit comparator equal for signal <tx_buf_pos[7]_tx_ack_index[7]_equal_301_o> created at line 644
    Found 8-bit comparator equal for signal <tx_buf_pos[7]_tx_buf_len[7]_equal_304_o> created at line 652
    Summary:
	inferred  19 Adder/Subtractor(s).
	inferred 547 D-type flip-flop(s).
	inferred   9 Comparator(s).
	inferred 646 Multiplexer(s).
	inferred   2 Finite State Machine(s).
Unit <can_simple_controller> synthesized.

Synthesizing Unit <uart_tx>.
    Related source file is "/home/andy/mycode/fpga_gnd_test/assume_board_is_nexys3/every_time_burn/20260605053736/uart_tx.v".
        CLK_HZ = 100000000
        BAUD = 115200
    Found 10-bit register for signal <baud_cnt>.
    Found 3-bit register for signal <bit_idx>.
    Found 8-bit register for signal <shifter>.
    Found 1-bit register for signal <stop_bit_cnt>.
    Found 1-bit register for signal <tx_busy>.
    Found 1-bit register for signal <tx_line>.
    Found 2-bit register for signal <state>.
    Found finite state machine <FSM_3> for signal <state>.
    -----------------------------------------------------------------------
    | States             | 4                                              |
    | Transitions        | 10                                             |
    | Inputs             | 4                                              |
    | Outputs            | 4                                              |
    | Clock              | clk (rising_edge)                              |
    | Reset              | reset (positive)                               |
    | Reset type         | synchronous                                    |
    | Reset State        | 00                                             |
    | Power Up State     | 00                                             |
    | Encoding           | auto                                           |
    | Implementation     | LUT                                            |
    -----------------------------------------------------------------------
    Found 10-bit adder for signal <baud_cnt[9]_GND_3_o_add_4_OUT> created at line 54.
    Found 3-bit adder for signal <bit_idx[2]_GND_3_o_add_14_OUT> created at line 88.
    Found 1-bit 4-to-1 multiplexer for signal <state[1]_tx_line_Mux_24_o> created at line 58.
    Summary:
	inferred   2 Adder/Subtractor(s).
	inferred  24 D-type flip-flop(s).
	inferred  11 Multiplexer(s).
	inferred   1 Finite State Machine(s).
Unit <uart_tx> synthesized.

=========================================================================
HDL Synthesis Report

Macro Statistics
# Adders/Subtractors                                   : 23
 10-bit adder                                          : 1
 2-bit adder                                           : 1
 2-bit subtractor                                      : 1
 3-bit adder                                           : 6
 32-bit adder                                          : 2
 4-bit subtractor                                      : 4
 5-bit adder                                           : 3
 6-bit subtractor                                      : 1
 7-bit subtractor                                      : 1
 8-bit adder                                           : 2
 8-bit subtractor                                      : 1
# Registers                                            : 75
 1-bit register                                        : 39
 10-bit register                                       : 1
 11-bit register                                       : 3
 15-bit register                                       : 3
 2-bit register                                        : 2
 256-bit register                                      : 1
 3-bit register                                        : 6
 32-bit register                                       : 2
 4-bit register                                        : 4
 5-bit register                                        : 3
 64-bit register                                       : 3
 8-bit register                                        : 8
# Comparators                                          : 13
 1-bit comparator equal                                : 3
 15-bit comparator equal                               : 1
 32-bit comparator greater                             : 2
 4-bit comparator equal                                : 2
 4-bit comparator greater                              : 2
 4-bit comparator lessequal                            : 1
 8-bit comparator equal                                : 2
# Multiplexers                                         : 677
 1-bit 11-to-1 multiplexer                             : 1
 1-bit 15-to-1 multiplexer                             : 1
 1-bit 2-to-1 multiplexer                              : 557
 1-bit 256-to-1 multiplexer                            : 1
 1-bit 4-to-1 multiplexer                              : 2
 1-bit 64-to-1 multiplexer                             : 1
 10-bit 2-to-1 multiplexer                             : 1
 11-bit 2-to-1 multiplexer                             : 3
 15-bit 2-to-1 multiplexer                             : 11
 2-bit 2-to-1 multiplexer                              : 1
 3-bit 2-to-1 multiplexer                              : 19
 32-bit 2-to-1 multiplexer                             : 1
 4-bit 2-to-1 multiplexer                              : 10
 5-bit 2-to-1 multiplexer                              : 35
 64-bit 2-to-1 multiplexer                             : 5
 64-bit 8-to-1 multiplexer                             : 1
 8-bit 2-to-1 multiplexer                              : 27
# FSMs                                                 : 4
# Xors                                                 : 4
 1-bit xor2                                            : 2
 15-bit xor2                                           : 2

=========================================================================

=========================================================================
*                       Advanced HDL Synthesis                          *
=========================================================================

WARNING:Xst:1293 - FF/Latch <tx_msg_data_19> has a constant value of 0 in block <can_core>. This FF/Latch will be trimmed during the optimization process.
WARNING:Xst:1293 - FF/Latch <tx_msg_data_20> has a constant value of 0 in block <can_core>. This FF/Latch will be trimmed during the optimization process.
WARNING:Xst:1293 - FF/Latch <tx_msg_data_21> has a constant value of 0 in block <can_core>. This FF/Latch will be trimmed during the optimization process.
WARNING:Xst:1293 - FF/Latch <tx_msg_data_22> has a constant value of 0 in block <can_core>. This FF/Latch will be trimmed during the optimization process.
WARNING:Xst:1293 - FF/Latch <tx_msg_data_23> has a constant value of 0 in block <can_core>. This FF/Latch will be trimmed during the optimization process.
WARNING:Xst:1293 - FF/Latch <tx_msg_data_24> has a constant value of 0 in block <can_core>. This FF/Latch will be trimmed during the optimization process.
WARNING:Xst:1293 - FF/Latch <tx_msg_data_25> has a constant value of 0 in block <can_core>. This FF/Latch will be trimmed during the optimization process.
WARNING:Xst:1293 - FF/Latch <tx_msg_data_26> has a constant value of 0 in block <can_core>. This FF/Latch will be trimmed during the optimization process.
WARNING:Xst:1293 - FF/Latch <tx_msg_data_32> has a constant value of 0 in block <can_core>. This FF/Latch will be trimmed during the optimization process.
WARNING:Xst:1293 - FF/Latch <tx_msg_data_39> has a constant value of 0 in block <can_core>. This FF/Latch will be trimmed during the optimization process.
WARNING:Xst:1293 - FF/Latch <tx_msg_data_41> has a constant value of 0 in block <can_core>. This FF/Latch will be trimmed during the optimization process.
WARNING:Xst:1293 - FF/Latch <tx_msg_data_44> has a constant value of 0 in block <can_core>. This FF/Latch will be trimmed during the optimization process.
WARNING:Xst:1293 - FF/Latch <tx_msg_data_45> has a constant value of 0 in block <can_core>. This FF/Latch will be trimmed during the optimization process.
WARNING:Xst:1293 - FF/Latch <tx_msg_data_46> has a constant value of 0 in block <can_core>. This FF/Latch will be trimmed during the optimization process.
WARNING:Xst:1293 - FF/Latch <tx_msg_data_47> has a constant value of 0 in block <can_core>. This FF/Latch will be trimmed during the optimization process.
WARNING:Xst:1293 - FF/Latch <tx_msg_data_49> has a constant value of 0 in block <can_core>. This FF/Latch will be trimmed during the optimization process.
WARNING:Xst:1293 - FF/Latch <tx_msg_data_50> has a constant value of 0 in block <can_core>. This FF/Latch will be trimmed during the optimization process.
WARNING:Xst:1293 - FF/Latch <tx_msg_data_51> has a constant value of 0 in block <can_core>. This FF/Latch will be trimmed during the optimization process.
WARNING:Xst:1293 - FF/Latch <tx_msg_data_52> has a constant value of 0 in block <can_core>. This FF/Latch will be trimmed during the optimization process.
WARNING:Xst:1293 - FF/Latch <tx_msg_data_53> has a constant value of 0 in block <can_core>. This FF/Latch will be trimmed during the optimization process.
WARNING:Xst:1293 - FF/Latch <tx_msg_data_55> has a constant value of 0 in block <can_core>. This FF/Latch will be trimmed during the optimization process.
WARNING:Xst:1293 - FF/Latch <tx_msg_data_59> has a constant value of 0 in block <can_core>. This FF/Latch will be trimmed during the optimization process.
WARNING:Xst:1293 - FF/Latch <tx_msg_data_60> has a constant value of 0 in block <can_core>. This FF/Latch will be trimmed during the optimization process.
WARNING:Xst:1293 - FF/Latch <tx_msg_data_61> has a constant value of 0 in block <can_core>. This FF/Latch will be trimmed during the optimization process.
WARNING:Xst:1293 - FF/Latch <tx_msg_data_62> has a constant value of 0 in block <can_core>. This FF/Latch will be trimmed during the optimization process.
WARNING:Xst:1293 - FF/Latch <tx_msg_data_63> has a constant value of 0 in block <can_core>. This FF/Latch will be trimmed during the optimization process.
WARNING:Xst:1293 - FF/Latch <tx_msg_id_0> has a constant value of 0 in block <can_core>. This FF/Latch will be trimmed during the optimization process.
WARNING:Xst:1293 - FF/Latch <tx_msg_id_1> has a constant value of 0 in block <can_core>. This FF/Latch will be trimmed during the optimization process.
WARNING:Xst:1293 - FF/Latch <tx_msg_id_2> has a constant value of 0 in block <can_core>. This FF/Latch will be trimmed during the optimization process.
WARNING:Xst:1293 - FF/Latch <tx_msg_id_4> has a constant value of 0 in block <can_core>. This FF/Latch will be trimmed during the optimization process.
WARNING:Xst:1293 - FF/Latch <tx_msg_dlc_0> has a constant value of 0 in block <can_core>. This FF/Latch will be trimmed during the optimization process.
WARNING:Xst:1293 - FF/Latch <tx_msg_dlc_1> has a constant value of 0 in block <can_core>. This FF/Latch will be trimmed during the optimization process.
WARNING:Xst:1293 - FF/Latch <tx_msg_dlc_2> has a constant value of 0 in block <can_core>. This FF/Latch will be trimmed during the optimization process.
WARNING:Xst:1293 - FF/Latch <tx_msg_data_0> has a constant value of 0 in block <can_core>. This FF/Latch will be trimmed during the optimization process.
WARNING:Xst:1293 - FF/Latch <tx_msg_data_1> has a constant value of 0 in block <can_core>. This FF/Latch will be trimmed during the optimization process.
WARNING:Xst:1293 - FF/Latch <tx_msg_data_2> has a constant value of 0 in block <can_core>. This FF/Latch will be trimmed during the optimization process.
WARNING:Xst:1293 - FF/Latch <tx_msg_data_3> has a constant value of 0 in block <can_core>. This FF/Latch will be trimmed during the optimization process.
WARNING:Xst:1293 - FF/Latch <tx_msg_data_4> has a constant value of 0 in block <can_core>. This FF/Latch will be trimmed during the optimization process.
WARNING:Xst:1293 - FF/Latch <tx_msg_data_5> has a constant value of 0 in block <can_core>. This FF/Latch will be trimmed during the optimization process.
WARNING:Xst:1293 - FF/Latch <tx_msg_data_18> has a constant value of 0 in block <can_core>. This FF/Latch will be trimmed during the optimization process.
WARNING:Xst:1293 - FF/Latch <tx_msg_data_17> has a constant value of 0 in block <can_core>. This FF/Latch will be trimmed during the optimization process.
WARNING:Xst:1293 - FF/Latch <tx_msg_data_16> has a constant value of 0 in block <can_core>. This FF/Latch will be trimmed during the optimization process.
WARNING:Xst:1293 - FF/Latch <tx_msg_data_15> has a constant value of 0 in block <can_core>. This FF/Latch will be trimmed during the optimization process.
WARNING:Xst:1293 - FF/Latch <tx_msg_data_14> has a constant value of 0 in block <can_core>. This FF/Latch will be trimmed during the optimization process.
WARNING:Xst:1293 - FF/Latch <tx_msg_data_13> has a constant value of 0 in block <can_core>. This FF/Latch will be trimmed during the optimization process.
WARNING:Xst:1293 - FF/Latch <tx_msg_data_12> has a constant value of 0 in block <can_core>. This FF/Latch will be trimmed during the optimization process.
WARNING:Xst:1293 - FF/Latch <tx_msg_data_11> has a constant value of 0 in block <can_core>. This FF/Latch will be trimmed during the optimization process.
WARNING:Xst:1293 - FF/Latch <tx_msg_data_10> has a constant value of 0 in block <can_core>. This FF/Latch will be trimmed during the optimization process.
WARNING:Xst:1293 - FF/Latch <tx_msg_data_9> has a constant value of 0 in block <can_core>. This FF/Latch will be trimmed during the optimization process.
WARNING:Xst:1293 - FF/Latch <tx_msg_data_8> has a constant value of 0 in block <can_core>. This FF/Latch will be trimmed during the optimization process.
WARNING:Xst:1293 - FF/Latch <tx_msg_data_7> has a constant value of 0 in block <can_core>. This FF/Latch will be trimmed during the optimization process.
WARNING:Xst:1293 - FF/Latch <tx_msg_data_6> has a constant value of 0 in block <can_core>. This FF/Latch will be trimmed during the optimization process.
WARNING:Xst:1896 - Due to other FF/Latch trimming, FF/Latch <tx_data_45> has a constant value of 0 in block <obd_can_node>. This FF/Latch will be trimmed during the optimization process.
WARNING:Xst:1896 - Due to other FF/Latch trimming, FF/Latch <tx_data_44> has a constant value of 0 in block <obd_can_node>. This FF/Latch will be trimmed during the optimization process.
WARNING:Xst:1896 - Due to other FF/Latch trimming, FF/Latch <tx_data_41> has a constant value of 0 in block <obd_can_node>. This FF/Latch will be trimmed during the optimization process.
WARNING:Xst:1896 - Due to other FF/Latch trimming, FF/Latch <tx_data_39> has a constant value of 0 in block <obd_can_node>. This FF/Latch will be trimmed during the optimization process.
WARNING:Xst:1896 - Due to other FF/Latch trimming, FF/Latch <tx_data_32> has a constant value of 0 in block <obd_can_node>. This FF/Latch will be trimmed during the optimization process.
WARNING:Xst:1896 - Due to other FF/Latch trimming, FF/Latch <tx_data_26> has a constant value of 0 in block <obd_can_node>. This FF/Latch will be trimmed during the optimization process.
WARNING:Xst:1896 - Due to other FF/Latch trimming, FF/Latch <tx_data_25> has a constant value of 0 in block <obd_can_node>. This FF/Latch will be trimmed during the optimization process.
WARNING:Xst:1896 - Due to other FF/Latch trimming, FF/Latch <tx_data_24> has a constant value of 0 in block <obd_can_node>. This FF/Latch will be trimmed during the optimization process.
WARNING:Xst:1896 - Due to other FF/Latch trimming, FF/Latch <tx_data_23> has a constant value of 0 in block <obd_can_node>. This FF/Latch will be trimmed during the optimization process.
WARNING:Xst:1896 - Due to other FF/Latch trimming, FF/Latch <tx_data_22> has a constant value of 0 in block <obd_can_node>. This FF/Latch will be trimmed during the optimization process.
WARNING:Xst:1896 - Due to other FF/Latch trimming, FF/Latch <tx_data_21> has a constant value of 0 in block <obd_can_node>. This FF/Latch will be trimmed during the optimization process.
WARNING:Xst:1896 - Due to other FF/Latch trimming, FF/Latch <tx_data_20> has a constant value of 0 in block <obd_can_node>. This FF/Latch will be trimmed during the optimization process.
WARNING:Xst:1896 - Due to other FF/Latch trimming, FF/Latch <tx_data_19> has a constant value of 0 in block <obd_can_node>. This FF/Latch will be trimmed during the optimization process.
WARNING:Xst:1896 - Due to other FF/Latch trimming, FF/Latch <tx_data_46> has a constant value of 0 in block <obd_can_node>. This FF/Latch will be trimmed during the optimization process.
WARNING:Xst:1896 - Due to other FF/Latch trimming, FF/Latch <tx_data_47> has a constant value of 0 in block <obd_can_node>. This FF/Latch will be trimmed during the optimization process.
WARNING:Xst:1896 - Due to other FF/Latch trimming, FF/Latch <tx_data_49> has a constant value of 0 in block <obd_can_node>. This FF/Latch will be trimmed during the optimization process.
WARNING:Xst:1896 - Due to other FF/Latch trimming, FF/Latch <tx_data_50> has a constant value of 0 in block <obd_can_node>. This FF/Latch will be trimmed during the optimization process.
WARNING:Xst:1896 - Due to other FF/Latch trimming, FF/Latch <tx_data_51> has a constant value of 0 in block <obd_can_node>. This FF/Latch will be trimmed during the optimization process.
WARNING:Xst:1896 - Due to other FF/Latch trimming, FF/Latch <tx_data_52> has a constant value of 0 in block <obd_can_node>. This FF/Latch will be trimmed during the optimization process.
WARNING:Xst:1896 - Due to other FF/Latch trimming, FF/Latch <tx_data_53> has a constant value of 0 in block <obd_can_node>. This FF/Latch will be trimmed during the optimization process.
WARNING:Xst:1896 - Due to other FF/Latch trimming, FF/Latch <tx_data_55> has a constant value of 0 in block <obd_can_node>. This FF/Latch will be trimmed during the optimization process.
WARNING:Xst:1896 - Due to other FF/Latch trimming, FF/Latch <tx_data_59> has a constant value of 0 in block <obd_can_node>. This FF/Latch will be trimmed during the optimization process.
WARNING:Xst:1896 - Due to other FF/Latch trimming, FF/Latch <tx_data_60> has a constant value of 0 in block <obd_can_node>. This FF/Latch will be trimmed during the optimization process.
WARNING:Xst:1896 - Due to other FF/Latch trimming, FF/Latch <tx_data_61> has a constant value of 0 in block <obd_can_node>. This FF/Latch will be trimmed during the optimization process.
WARNING:Xst:1896 - Due to other FF/Latch trimming, FF/Latch <tx_data_62> has a constant value of 0 in block <obd_can_node>. This FF/Latch will be trimmed during the optimization process.
WARNING:Xst:1896 - Due to other FF/Latch trimming, FF/Latch <tx_data_63> has a constant value of 0 in block <obd_can_node>. This FF/Latch will be trimmed during the optimization process.
WARNING:Xst:1896 - Due to other FF/Latch trimming, FF/Latch <tx_id_0> has a constant value of 0 in block <obd_can_node>. This FF/Latch will be trimmed during the optimization process.
WARNING:Xst:1896 - Due to other FF/Latch trimming, FF/Latch <tx_id_1> has a constant value of 0 in block <obd_can_node>. This FF/Latch will be trimmed during the optimization process.
WARNING:Xst:1896 - Due to other FF/Latch trimming, FF/Latch <tx_id_2> has a constant value of 0 in block <obd_can_node>. This FF/Latch will be trimmed during the optimization process.
WARNING:Xst:1896 - Due to other FF/Latch trimming, FF/Latch <tx_id_4> has a constant value of 0 in block <obd_can_node>. This FF/Latch will be trimmed during the optimization process.
WARNING:Xst:1896 - Due to other FF/Latch trimming, FF/Latch <tx_dlc_0> has a constant value of 0 in block <obd_can_node>. This FF/Latch will be trimmed during the optimization process.
WARNING:Xst:1896 - Due to other FF/Latch trimming, FF/Latch <tx_dlc_1> has a constant value of 0 in block <obd_can_node>. This FF/Latch will be trimmed during the optimization process.
WARNING:Xst:1896 - Due to other FF/Latch trimming, FF/Latch <tx_dlc_2> has a constant value of 0 in block <obd_can_node>. This FF/Latch will be trimmed during the optimization process.
WARNING:Xst:1896 - Due to other FF/Latch trimming, FF/Latch <tx_data_0> has a constant value of 0 in block <obd_can_node>. This FF/Latch will be trimmed during the optimization process.
WARNING:Xst:1896 - Due to other FF/Latch trimming, FF/Latch <tx_data_1> has a constant value of 0 in block <obd_can_node>. This FF/Latch will be trimmed during the optimization process.
WARNING:Xst:1896 - Due to other FF/Latch trimming, FF/Latch <tx_data_2> has a constant value of 0 in block <obd_can_node>. This FF/Latch will be trimmed during the optimization process.
WARNING:Xst:1896 - Due to other FF/Latch trimming, FF/Latch <tx_data_3> has a constant value of 0 in block <obd_can_node>. This FF/Latch will be trimmed during the optimization process.
WARNING:Xst:1896 - Due to other FF/Latch trimming, FF/Latch <tx_data_4> has a constant value of 0 in block <obd_can_node>. This FF/Latch will be trimmed during the optimization process.
WARNING:Xst:1896 - Due to other FF/Latch trimming, FF/Latch <tx_data_5> has a constant value of 0 in block <obd_can_node>. This FF/Latch will be trimmed during the optimization process.
WARNING:Xst:1896 - Due to other FF/Latch trimming, FF/Latch <tx_data_6> has a constant value of 0 in block <obd_can_node>. This FF/Latch will be trimmed during the optimization process.
WARNING:Xst:1896 - Due to other FF/Latch trimming, FF/Latch <tx_data_7> has a constant value of 0 in block <obd_can_node>. This FF/Latch will be trimmed during the optimization process.
WARNING:Xst:1896 - Due to other FF/Latch trimming, FF/Latch <tx_data_8> has a constant value of 0 in block <obd_can_node>. This FF/Latch will be trimmed during the optimization process.
WARNING:Xst:1896 - Due to other FF/Latch trimming, FF/Latch <tx_data_9> has a constant value of 0 in block <obd_can_node>. This FF/Latch will be trimmed during the optimization process.
WARNING:Xst:1896 - Due to other FF/Latch trimming, FF/Latch <tx_data_10> has a constant value of 0 in block <obd_can_node>. This FF/Latch will be trimmed during the optimization process.
WARNING:Xst:1896 - Due to other FF/Latch trimming, FF/Latch <tx_data_11> has a constant value of 0 in block <obd_can_node>. This FF/Latch will be trimmed during the optimization process.
WARNING:Xst:1896 - Due to other FF/Latch trimming, FF/Latch <tx_data_12> has a constant value of 0 in block <obd_can_node>. This FF/Latch will be trimmed during the optimization process.
WARNING:Xst:1896 - Due to other FF/Latch trimming, FF/Latch <tx_data_13> has a constant value of 0 in block <obd_can_node>. This FF/Latch will be trimmed during the optimization process.
WARNING:Xst:1896 - Due to other FF/Latch trimming, FF/Latch <tx_data_14> has a constant value of 0 in block <obd_can_node>. This FF/Latch will be trimmed during the optimization process.
WARNING:Xst:1896 - Due to other FF/Latch trimming, FF/Latch <tx_data_15> has a constant value of 0 in block <obd_can_node>. This FF/Latch will be trimmed during the optimization process.
WARNING:Xst:1896 - Due to other FF/Latch trimming, FF/Latch <tx_data_16> has a constant value of 0 in block <obd_can_node>. This FF/Latch will be trimmed during the optimization process.
WARNING:Xst:1896 - Due to other FF/Latch trimming, FF/Latch <tx_data_17> has a constant value of 0 in block <obd_can_node>. This FF/Latch will be trimmed during the optimization process.
WARNING:Xst:1896 - Due to other FF/Latch trimming, FF/Latch <tx_data_18> has a constant value of 0 in block <obd_can_node>. This FF/Latch will be trimmed during the optimization process.
WARNING:Xst:2677 - Node <rx_crc_recv_14> of sequential type is unconnected in block <can_core>.

Synthesizing (advanced) Unit <can_simple_controller>.
The following registers are absorbed into counter <tq_div_cnt>: 1 register on signal <tq_div_cnt>.
The following registers are absorbed into counter <tq_cnt>: 1 register on signal <tq_cnt>.
The following registers are absorbed into counter <idle_cnt>: 1 register on signal <idle_cnt>.
The following registers are absorbed into counter <prep_byte_cnt>: 1 register on signal <prep_byte_cnt>.
The following registers are absorbed into counter <tx_buf_len>: 1 register on signal <tx_buf_len>.
Unit <can_simple_controller> synthesized (advanced).

Synthesizing (advanced) Unit <obd_can_node>.
The following registers are absorbed into counter <hb_cnt>: 1 register on signal <hb_cnt>.
The following registers are absorbed into counter <test_tx_cnt>: 1 register on signal <test_tx_cnt>.
Unit <obd_can_node> synthesized (advanced).

Synthesizing (advanced) Unit <uart_tx>.
The following registers are absorbed into counter <bit_idx>: 1 register on signal <bit_idx>.
The following registers are absorbed into counter <baud_cnt>: 1 register on signal <baud_cnt>.
Unit <uart_tx> synthesized (advanced).
WARNING:Xst:2677 - Node <rx_crc_recv_14> of sequential type is unconnected in block <can_simple_controller>.

=========================================================================
Advanced HDL Synthesis Report

Macro Statistics
# Adders/Subtractors                                   : 14
 2-bit subtractor                                      : 1
 3-bit adder                                           : 3
 4-bit subtractor                                      : 4
 5-bit adder                                           : 2
 6-bit subtractor                                      : 2
 8-bit adder                                           : 1
 8-bit subtractor                                      : 1
# Counters                                             : 9
 10-bit up counter                                     : 1
 2-bit up counter                                      : 1
 3-bit up counter                                      : 3
 32-bit up counter                                     : 2
 5-bit up counter                                      : 1
 8-bit up counter                                      : 1
# Registers                                            : 657
 Flip-Flops                                            : 657
# Comparators                                          : 13
 1-bit comparator equal                                : 3
 15-bit comparator equal                               : 1
 32-bit comparator greater                             : 2
 4-bit comparator equal                                : 2
 4-bit comparator greater                              : 2
 4-bit comparator lessequal                            : 1
 8-bit comparator equal                                : 2
# Multiplexers                                         : 684
 1-bit 11-to-1 multiplexer                             : 1
 1-bit 15-to-1 multiplexer                             : 1
 1-bit 2-to-1 multiplexer                              : 572
 1-bit 256-to-1 multiplexer                            : 1
 1-bit 4-to-1 multiplexer                              : 2
 1-bit 64-to-1 multiplexer                             : 1
 11-bit 2-to-1 multiplexer                             : 3
 15-bit 2-to-1 multiplexer                             : 11
 2-bit 2-to-1 multiplexer                              : 1
 3-bit 2-to-1 multiplexer                              : 16
 4-bit 2-to-1 multiplexer                              : 10
 5-bit 2-to-1 multiplexer                              : 34
 64-bit 2-to-1 multiplexer                             : 5
 64-bit 8-to-1 multiplexer                             : 1
 8-bit 2-to-1 multiplexer                              : 25
# FSMs                                                 : 4
# Xors                                                 : 4
 1-bit xor2                                            : 2
 15-bit xor2                                           : 2

=========================================================================

=========================================================================
*                         Low Level Synthesis                           *
=========================================================================
WARNING:Xst:1293 - FF/Latch <tx_data_19> has a constant value of 0 in block <obd_can_node>. This FF/Latch will be trimmed during the optimization process.
WARNING:Xst:1896 - Due to other FF/Latch trimming, FF/Latch <tx_data_20> has a constant value of 0 in block <obd_can_node>. This FF/Latch will be trimmed during the optimization process.
WARNING:Xst:1896 - Due to other FF/Latch trimming, FF/Latch <tx_data_21> has a constant value of 0 in block <obd_can_node>. This FF/Latch will be trimmed during the optimization process.
WARNING:Xst:1896 - Due to other FF/Latch trimming, FF/Latch <tx_data_22> has a constant value of 0 in block <obd_can_node>. This FF/Latch will be trimmed during the optimization process.
WARNING:Xst:1896 - Due to other FF/Latch trimming, FF/Latch <tx_data_23> has a constant value of 0 in block <obd_can_node>. This FF/Latch will be trimmed during the optimization process.
WARNING:Xst:1896 - Due to other FF/Latch trimming, FF/Latch <tx_data_24> has a constant value of 0 in block <obd_can_node>. This FF/Latch will be trimmed during the optimization process.
WARNING:Xst:1896 - Due to other FF/Latch trimming, FF/Latch <tx_data_25> has a constant value of 0 in block <obd_can_node>. This FF/Latch will be trimmed during the optimization process.
WARNING:Xst:1896 - Due to other FF/Latch trimming, FF/Latch <tx_data_26> has a constant value of 0 in block <obd_can_node>. This FF/Latch will be trimmed during the optimization process.
WARNING:Xst:1896 - Due to other FF/Latch trimming, FF/Latch <tx_data_32> has a constant value of 0 in block <obd_can_node>. This FF/Latch will be trimmed during the optimization process.
WARNING:Xst:1896 - Due to other FF/Latch trimming, FF/Latch <tx_data_39> has a constant value of 0 in block <obd_can_node>. This FF/Latch will be trimmed during the optimization process.
WARNING:Xst:1896 - Due to other FF/Latch trimming, FF/Latch <tx_data_41> has a constant value of 0 in block <obd_can_node>. This FF/Latch will be trimmed during the optimization process.
WARNING:Xst:1896 - Due to other FF/Latch trimming, FF/Latch <tx_data_44> has a constant value of 0 in block <obd_can_node>. This FF/Latch will be trimmed during the optimization process.
WARNING:Xst:1896 - Due to other FF/Latch trimming, FF/Latch <tx_data_45> has a constant value of 0 in block <obd_can_node>. This FF/Latch will be trimmed during the optimization process.
WARNING:Xst:1896 - Due to other FF/Latch trimming, FF/Latch <tx_data_46> has a constant value of 0 in block <obd_can_node>. This FF/Latch will be trimmed during the optimization process.
WARNING:Xst:1896 - Due to other FF/Latch trimming, FF/Latch <tx_data_47> has a constant value of 0 in block <obd_can_node>. This FF/Latch will be trimmed during the optimization process.
WARNING:Xst:1896 - Due to other FF/Latch trimming, FF/Latch <tx_data_49> has a constant value of 0 in block <obd_can_node>. This FF/Latch will be trimmed during the optimization process.
WARNING:Xst:1896 - Due to other FF/Latch trimming, FF/Latch <tx_data_50> has a constant value of 0 in block <obd_can_node>. This FF/Latch will be trimmed during the optimization process.
WARNING:Xst:1896 - Due to other FF/Latch trimming, FF/Latch <tx_data_51> has a constant value of 0 in block <obd_can_node>. This FF/Latch will be trimmed during the optimization process.
WARNING:Xst:1896 - Due to other FF/Latch trimming, FF/Latch <tx_data_52> has a constant value of 0 in block <obd_can_node>. This FF/Latch will be trimmed during the optimization process.
WARNING:Xst:1896 - Due to other FF/Latch trimming, FF/Latch <tx_data_53> has a constant value of 0 in block <obd_can_node>. This FF/Latch will be trimmed during the optimization process.
WARNING:Xst:1896 - Due to other FF/Latch trimming, FF/Latch <tx_data_55> has a constant value of 0 in block <obd_can_node>. This FF/Latch will be trimmed during the optimization process.
WARNING:Xst:1896 - Due to other FF/Latch trimming, FF/Latch <tx_data_59> has a constant value of 0 in block <obd_can_node>. This FF/Latch will be trimmed during the optimization process.
WARNING:Xst:1896 - Due to other FF/Latch trimming, FF/Latch <tx_data_60> has a constant value of 0 in block <obd_can_node>. This FF/Latch will be trimmed during the optimization process.
WARNING:Xst:1896 - Due to other FF/Latch trimming, FF/Latch <tx_data_61> has a constant value of 0 in block <obd_can_node>. This FF/Latch will be trimmed during the optimization process.
WARNING:Xst:1896 - Due to other FF/Latch trimming, FF/Latch <tx_data_62> has a constant value of 0 in block <obd_can_node>. This FF/Latch will be trimmed during the optimization process.
WARNING:Xst:1896 - Due to other FF/Latch trimming, FF/Latch <tx_data_63> has a constant value of 0 in block <obd_can_node>. This FF/Latch will be trimmed during the optimization process.
WARNING:Xst:1896 - Due to other FF/Latch trimming, FF/Latch <tx_id_0> has a constant value of 0 in block <obd_can_node>. This FF/Latch will be trimmed during the optimization process.
WARNING:Xst:1896 - Due to other FF/Latch trimming, FF/Latch <tx_id_1> has a constant value of 0 in block <obd_can_node>. This FF/Latch will be trimmed during the optimization process.
WARNING:Xst:1896 - Due to other FF/Latch trimming, FF/Latch <tx_id_2> has a constant value of 0 in block <obd_can_node>. This FF/Latch will be trimmed during the optimization process.
WARNING:Xst:1896 - Due to other FF/Latch trimming, FF/Latch <tx_id_4> has a constant value of 0 in block <obd_can_node>. This FF/Latch will be trimmed during the optimization process.
WARNING:Xst:1896 - Due to other FF/Latch trimming, FF/Latch <tx_dlc_0> has a constant value of 0 in block <obd_can_node>. This FF/Latch will be trimmed during the optimization process.
WARNING:Xst:1896 - Due to other FF/Latch trimming, FF/Latch <tx_dlc_1> has a constant value of 0 in block <obd_can_node>. This FF/Latch will be trimmed during the optimization process.
WARNING:Xst:1896 - Due to other FF/Latch trimming, FF/Latch <tx_dlc_2> has a constant value of 0 in block <obd_can_node>. This FF/Latch will be trimmed during the optimization process.
WARNING:Xst:1896 - Due to other FF/Latch trimming, FF/Latch <tx_data_0> has a constant value of 0 in block <obd_can_node>. This FF/Latch will be trimmed during the optimization process.
WARNING:Xst:1896 - Due to other FF/Latch trimming, FF/Latch <tx_data_1> has a constant value of 0 in block <obd_can_node>. This FF/Latch will be trimmed during the optimization process.
WARNING:Xst:1896 - Due to other FF/Latch trimming, FF/Latch <tx_data_2> has a constant value of 0 in block <obd_can_node>. This FF/Latch will be trimmed during the optimization process.
WARNING:Xst:1896 - Due to other FF/Latch trimming, FF/Latch <tx_data_3> has a constant value of 0 in block <obd_can_node>. This FF/Latch will be trimmed during the optimization process.
WARNING:Xst:1896 - Due to other FF/Latch trimming, FF/Latch <tx_data_4> has a constant value of 0 in block <obd_can_node>. This FF/Latch will be trimmed during the optimization process.
WARNING:Xst:1896 - Due to other FF/Latch trimming, FF/Latch <tx_data_5> has a constant value of 0 in block <obd_can_node>. This FF/Latch will be trimmed during the optimization process.
WARNING:Xst:1896 - Due to other FF/Latch trimming, FF/Latch <tx_data_6> has a constant value of 0 in block <obd_can_node>. This FF/Latch will be trimmed during the optimization process.
WARNING:Xst:1896 - Due to other FF/Latch trimming, FF/Latch <tx_data_7> has a constant value of 0 in block <obd_can_node>. This FF/Latch will be trimmed during the optimization process.
WARNING:Xst:1896 - Due to other FF/Latch trimming, FF/Latch <tx_data_8> has a constant value of 0 in block <obd_can_node>. This FF/Latch will be trimmed during the optimization process.
WARNING:Xst:1896 - Due to other FF/Latch trimming, FF/Latch <tx_data_9> has a constant value of 0 in block <obd_can_node>. This FF/Latch will be trimmed during the optimization process.
WARNING:Xst:1896 - Due to other FF/Latch trimming, FF/Latch <tx_data_10> has a constant value of 0 in block <obd_can_node>. This FF/Latch will be trimmed during the optimization process.
WARNING:Xst:1896 - Due to other FF/Latch trimming, FF/Latch <tx_data_11> has a constant value of 0 in block <obd_can_node>. This FF/Latch will be trimmed during the optimization process.
WARNING:Xst:1896 - Due to other FF/Latch trimming, FF/Latch <tx_data_12> has a constant value of 0 in block <obd_can_node>. This FF/Latch will be trimmed during the optimization process.
WARNING:Xst:1896 - Due to other FF/Latch trimming, FF/Latch <tx_data_13> has a constant value of 0 in block <obd_can_node>. This FF/Latch will be trimmed during the optimization process.
WARNING:Xst:1896 - Due to other FF/Latch trimming, FF/Latch <tx_data_14> has a constant value of 0 in block <obd_can_node>. This FF/Latch will be trimmed during the optimization process.
WARNING:Xst:1896 - Due to other FF/Latch trimming, FF/Latch <tx_data_15> has a constant value of 0 in block <obd_can_node>. This FF/Latch will be trimmed during the optimization process.
WARNING:Xst:1896 - Due to other FF/Latch trimming, FF/Latch <tx_data_16> has a constant value of 0 in block <obd_can_node>. This FF/Latch will be trimmed during the optimization process.
WARNING:Xst:1896 - Due to other FF/Latch trimming, FF/Latch <tx_data_17> has a constant value of 0 in block <obd_can_node>. This FF/Latch will be trimmed during the optimization process.
WARNING:Xst:1896 - Due to other FF/Latch trimming, FF/Latch <tx_data_18> has a constant value of 0 in block <obd_can_node>. This FF/Latch will be trimmed during the optimization process.
INFO:Xst:2261 - The FF/Latch <tx_data_35> in Unit <obd_can_node> is equivalent to the following 2 FFs/Latches, which will be removed : <tx_data_42> <tx_data_43> 
INFO:Xst:2261 - The FF/Latch <tx_data_36> in Unit <obd_can_node> is equivalent to the following 3 FFs/Latches, which will be removed : <tx_data_38> <tx_data_40> <tx_data_56> 
INFO:Xst:2261 - The FF/Latch <tx_data_29> in Unit <obd_can_node> is equivalent to the following 5 FFs/Latches, which will be removed : <tx_data_30> <tx_data_31> <tx_data_33> <tx_data_34> <tx_data_37> 
INFO:Xst:2261 - The FF/Latch <tx_data_27> in Unit <obd_can_node> is equivalent to the following FF/Latch, which will be removed : <tx_data_28> 
INFO:Xst:2261 - The FF/Latch <tx_data_48> in Unit <obd_can_node> is equivalent to the following FF/Latch, which will be removed : <tx_data_54> 
INFO:Xst:2261 - The FF/Latch <tx_msg_data_29> in Unit <can_simple_controller> is equivalent to the following 5 FFs/Latches, which will be removed : <tx_msg_data_30> <tx_msg_data_31> <tx_msg_data_33> <tx_msg_data_34> <tx_msg_data_37> 
INFO:Xst:2261 - The FF/Latch <tx_msg_data_36> in Unit <can_simple_controller> is equivalent to the following 3 FFs/Latches, which will be removed : <tx_msg_data_38> <tx_msg_data_40> <tx_msg_data_56> 
INFO:Xst:2261 - The FF/Latch <tx_msg_id_0> in Unit <can_simple_controller> is equivalent to the following 48 FFs/Latches, which will be removed : <tx_msg_id_1> <tx_msg_id_2> <tx_msg_id_4> <tx_msg_data_0> <tx_msg_data_1> <tx_msg_data_2> <tx_msg_data_3> <tx_msg_data_4> <tx_msg_data_5> <tx_msg_data_6> <tx_msg_data_7> <tx_msg_data_8> <tx_msg_data_9> <tx_msg_data_10> <tx_msg_data_11> <tx_msg_data_12> <tx_msg_data_13> <tx_msg_data_14> <tx_msg_data_15> <tx_msg_data_16> <tx_msg_data_17> <tx_msg_data_18> <tx_msg_data_19> <tx_msg_data_20> <tx_msg_data_21> <tx_msg_data_22> <tx_msg_data_23> <tx_msg_data_24> <tx_msg_data_25> <tx_msg_data_26> <tx_msg_data_32> <tx_msg_data_39> <tx_msg_data_41> <tx_msg_data_44> <tx_msg_data_45> <tx_msg_data_46> <tx_msg_data_47> <tx_msg_data_49> <tx_msg_data_50> <tx_msg_data_51> <tx_msg_data_52> <tx_msg_data_53> <tx_msg_data_55> <tx_msg_data_59> <tx_msg_data_60> <tx_msg_data_61> <tx_msg_data_62> <tx_msg_data_63> 
INFO:Xst:2261 - The FF/Latch <tx_msg_dlc_0> in Unit <can_simple_controller> is equivalent to the following 2 FFs/Latches, which will be removed : <tx_msg_dlc_1> <tx_msg_dlc_2> 
INFO:Xst:2261 - The FF/Latch <tx_msg_data_48> in Unit <can_simple_controller> is equivalent to the following FF/Latch, which will be removed : <tx_msg_data_54> 
INFO:Xst:2261 - The FF/Latch <tx_msg_data_35> in Unit <can_simple_controller> is equivalent to the following 2 FFs/Latches, which will be removed : <tx_msg_data_42> <tx_msg_data_43> 
INFO:Xst:2261 - The FF/Latch <tx_msg_data_27> in Unit <can_simple_controller> is equivalent to the following FF/Latch, which will be removed : <tx_msg_data_28> 
WARNING:Xst:1293 - FF/Latch <tx_msg_id_0> has a constant value of 0 in block <can_simple_controller>. This FF/Latch will be trimmed during the optimization process.
WARNING:Xst:1896 - Due to other FF/Latch trimming, FF/Latch <tx_msg_dlc_0> has a constant value of 0 in block <can_simple_controller>. This FF/Latch will be trimmed during the optimization process.
Analyzing FSM <MFsm> for best encoding.
Optimizing FSM <FSM_0> on signal <out_state[1:4]> with user encoding.
-------------------
 State | Encoding
-------------------
 0000  | 0000
 0001  | 0001
 0010  | 0010
 0111  | 0111
 0011  | 0011
 0100  | 0100
 0101  | 0101
 0110  | 0110
 1001  | 1001
 1000  | 1000
 1010  | 1010
 1011  | 1011
 1100  | 1100
 1101  | 1101
-------------------
Analyzing FSM <MFsm> for best encoding.
Optimizing FSM <can_core/FSM_2> on signal <prep_state[1:4]> with user encoding.
-------------------
 State | Encoding
-------------------
 0000  | 0000
 1100  | 1100
 0001  | 0001
 0010  | 0010
 0011  | 0011
 0100  | 0100
 0101  | 0101
 0110  | 0110
 0111  | 0111
 1000  | 1000
 1001  | 1001
 1010  | 1010
 1011  | 1011
-------------------
Analyzing FSM <MFsm> for best encoding.
Optimizing FSM <can_core/FSM_1> on signal <rx_state[1:4]> with user encoding.
-------------------
 State | Encoding
-------------------
 0000  | 0000
 0001  | 0001
 0010  | 0010
 0011  | 0011
 0100  | 0100
 0101  | 0101
 0110  | 0110
 0111  | 0111
 1000  | 1000
 1001  | 1001
 1010  | 1010
 1011  | 1011
 1100  | 1100
-------------------
Analyzing FSM <MFsm> for best encoding.
Optimizing FSM <dbg_uart/FSM_3> on signal <state[1:2]> with gray encoding.
-------------------
 State | Encoding
-------------------
 00    | 00
 01    | 01
 10    | 11
 11    | 10
-------------------
WARNING:Xst:2677 - Node <rx_dlc_shift_3> of sequential type is unconnected in block <can_simple_controller>.
WARNING:Xst:2677 - Node <rx_byte_shift_7> of sequential type is unconnected in block <can_simple_controller>.

Optimizing unit <obd_can_node> ...

Optimizing unit <can_simple_controller> ...

Optimizing unit <uart_tx> ...
WARNING:Xst:2677 - Node <can_core/rx_data_39> of sequential type is unconnected in block <obd_can_node>.
WARNING:Xst:2677 - Node <can_core/rx_data_38> of sequential type is unconnected in block <obd_can_node>.
WARNING:Xst:2677 - Node <can_core/rx_data_37> of sequential type is unconnected in block <obd_can_node>.
WARNING:Xst:2677 - Node <can_core/rx_data_36> of sequential type is unconnected in block <obd_can_node>.
WARNING:Xst:2677 - Node <can_core/rx_data_35> of sequential type is unconnected in block <obd_can_node>.
WARNING:Xst:2677 - Node <can_core/rx_data_34> of sequential type is unconnected in block <obd_can_node>.
WARNING:Xst:2677 - Node <can_core/rx_data_33> of sequential type is unconnected in block <obd_can_node>.
WARNING:Xst:2677 - Node <can_core/rx_data_32> of sequential type is unconnected in block <obd_can_node>.
WARNING:Xst:2677 - Node <can_core/rx_data_31> of sequential type is unconnected in block <obd_can_node>.
WARNING:Xst:2677 - Node <can_core/rx_data_30> of sequential type is unconnected in block <obd_can_node>.
WARNING:Xst:2677 - Node <can_core/rx_data_29> of sequential type is unconnected in block <obd_can_node>.
WARNING:Xst:2677 - Node <can_core/rx_data_28> of sequential type is unconnected in block <obd_can_node>.
WARNING:Xst:2677 - Node <can_core/rx_data_27> of sequential type is unconnected in block <obd_can_node>.
WARNING:Xst:2677 - Node <can_core/rx_data_26> of sequential type is unconnected in block <obd_can_node>.
WARNING:Xst:2677 - Node <can_core/rx_data_25> of sequential type is unconnected in block <obd_can_node>.
WARNING:Xst:2677 - Node <can_core/rx_data_24> of sequential type is unconnected in block <obd_can_node>.
WARNING:Xst:2677 - Node <can_core/rx_data_23> of sequential type is unconnected in block <obd_can_node>.
WARNING:Xst:2677 - Node <can_core/rx_data_22> of sequential type is unconnected in block <obd_can_node>.
WARNING:Xst:2677 - Node <can_core/rx_data_21> of sequential type is unconnected in block <obd_can_node>.
WARNING:Xst:2677 - Node <can_core/rx_data_20> of sequential type is unconnected in block <obd_can_node>.
WARNING:Xst:2677 - Node <can_core/rx_data_19> of sequential type is unconnected in block <obd_can_node>.
WARNING:Xst:2677 - Node <can_core/rx_data_18> of sequential type is unconnected in block <obd_can_node>.
WARNING:Xst:2677 - Node <can_core/rx_data_17> of sequential type is unconnected in block <obd_can_node>.
WARNING:Xst:2677 - Node <can_core/rx_data_16> of sequential type is unconnected in block <obd_can_node>.
WARNING:Xst:2677 - Node <can_core/rx_data_15> of sequential type is unconnected in block <obd_can_node>.
WARNING:Xst:2677 - Node <can_core/rx_data_14> of sequential type is unconnected in block <obd_can_node>.
WARNING:Xst:2677 - Node <can_core/rx_data_13> of sequential type is unconnected in block <obd_can_node>.
WARNING:Xst:2677 - Node <can_core/rx_data_12> of sequential type is unconnected in block <obd_can_node>.
WARNING:Xst:2677 - Node <can_core/rx_data_11> of sequential type is unconnected in block <obd_can_node>.
WARNING:Xst:2677 - Node <can_core/rx_data_10> of sequential type is unconnected in block <obd_can_node>.
WARNING:Xst:2677 - Node <can_core/rx_data_9> of sequential type is unconnected in block <obd_can_node>.
WARNING:Xst:2677 - Node <can_core/rx_data_8> of sequential type is unconnected in block <obd_can_node>.
WARNING:Xst:2677 - Node <can_core/rx_data_7> of sequential type is unconnected in block <obd_can_node>.
WARNING:Xst:2677 - Node <can_core/rx_data_6> of sequential type is unconnected in block <obd_can_node>.
WARNING:Xst:2677 - Node <can_core/rx_data_5> of sequential type is unconnected in block <obd_can_node>.
WARNING:Xst:2677 - Node <can_core/rx_data_4> of sequential type is unconnected in block <obd_can_node>.
WARNING:Xst:2677 - Node <can_core/rx_data_3> of sequential type is unconnected in block <obd_can_node>.
WARNING:Xst:2677 - Node <can_core/rx_data_2> of sequential type is unconnected in block <obd_can_node>.
WARNING:Xst:2677 - Node <can_core/rx_data_1> of sequential type is unconnected in block <obd_can_node>.
WARNING:Xst:2677 - Node <can_core/rx_data_0> of sequential type is unconnected in block <obd_can_node>.
WARNING:Xst:1293 - FF/Latch <dbg_uart/shifter_7> has a constant value of 0 in block <obd_can_node>. This FF/Latch will be trimmed during the optimization process.
WARNING:Xst:1896 - Due to other FF/Latch trimming, FF/Latch <hb_cnt_31> has a constant value of 0 in block <obd_can_node>. This FF/Latch will be trimmed during the optimization process.
WARNING:Xst:1896 - Due to other FF/Latch trimming, FF/Latch <hb_cnt_30> has a constant value of 0 in block <obd_can_node>. This FF/Latch will be trimmed during the optimization process.
WARNING:Xst:1896 - Due to other FF/Latch trimming, FF/Latch <hb_cnt_29> has a constant value of 0 in block <obd_can_node>. This FF/Latch will be trimmed during the optimization process.
WARNING:Xst:1896 - Due to other FF/Latch trimming, FF/Latch <hb_cnt_28> has a constant value of 0 in block <obd_can_node>. This FF/Latch will be trimmed during the optimization process.
WARNING:Xst:1896 - Due to other FF/Latch trimming, FF/Latch <hb_cnt_27> has a constant value of 0 in block <obd_can_node>. This FF/Latch will be trimmed during the optimization process.
WARNING:Xst:1896 - Due to other FF/Latch trimming, FF/Latch <test_tx_cnt_31> has a constant value of 0 in block <obd_can_node>. This FF/Latch will be trimmed during the optimization process.
WARNING:Xst:1896 - Due to other FF/Latch trimming, FF/Latch <test_tx_cnt_30> has a constant value of 0 in block <obd_can_node>. This FF/Latch will be trimmed during the optimization process.
WARNING:Xst:1896 - Due to other FF/Latch trimming, FF/Latch <test_tx_cnt_29> has a constant value of 0 in block <obd_can_node>. This FF/Latch will be trimmed during the optimization process.
WARNING:Xst:1896 - Due to other FF/Latch trimming, FF/Latch <test_tx_cnt_28> has a constant value of 0 in block <obd_can_node>. This FF/Latch will be trimmed during the optimization process.
WARNING:Xst:1896 - Due to other FF/Latch trimming, FF/Latch <dbg_byte_7> has a constant value of 0 in block <obd_can_node>. This FF/Latch will be trimmed during the optimization process.
WARNING:Xst:1896 - Due to other FF/Latch trimming, FF/Latch <resp_pid_7> has a constant value of 0 in block <obd_can_node>. This FF/Latch will be trimmed during the optimization process.
WARNING:Xst:1896 - Due to other FF/Latch trimming, FF/Latch <resp_pid_6> has a constant value of 0 in block <obd_can_node>. This FF/Latch will be trimmed during the optimization process.
WARNING:Xst:1896 - Due to other FF/Latch trimming, FF/Latch <resp_pid_5> has a constant value of 0 in block <obd_can_node>. This FF/Latch will be trimmed during the optimization process.
WARNING:Xst:1896 - Due to other FF/Latch trimming, FF/Latch <resp_pid_4> has a constant value of 0 in block <obd_can_node>. This FF/Latch will be trimmed during the optimization process.
WARNING:Xst:1896 - Due to other FF/Latch trimming, FF/Latch <resp_pid_1> has a constant value of 0 in block <obd_can_node>. This FF/Latch will be trimmed during the optimization process.
WARNING:Xst:1896 - Due to other FF/Latch trimming, FF/Latch <dbg_pid_7> has a constant value of 0 in block <obd_can_node>. This FF/Latch will be trimmed during the optimization process.
WARNING:Xst:1896 - Due to other FF/Latch trimming, FF/Latch <dbg_pid_6> has a constant value of 0 in block <obd_can_node>. This FF/Latch will be trimmed during the optimization process.
WARNING:Xst:1896 - Due to other FF/Latch trimming, FF/Latch <dbg_pid_5> has a constant value of 0 in block <obd_can_node>. This FF/Latch will be trimmed during the optimization process.
WARNING:Xst:1896 - Due to other FF/Latch trimming, FF/Latch <dbg_pid_4> has a constant value of 0 in block <obd_can_node>. This FF/Latch will be trimmed during the optimization process.
WARNING:Xst:1896 - Due to other FF/Latch trimming, FF/Latch <dbg_pid_1> has a constant value of 0 in block <obd_can_node>. This FF/Latch will be trimmed during the optimization process.
INFO:Xst:2261 - The FF/Latch <dbg_pid_2> in Unit <obd_can_node> is equivalent to the following FF/Latch, which will be removed : <dbg_pid_3> 
INFO:Xst:2261 - The FF/Latch <can_core/tx_msg_data_48> in Unit <obd_can_node> is equivalent to the following 8 FFs/Latches, which will be removed : <can_core/tx_msg_dlc_3> <can_core/tx_msg_id_10> <can_core/tx_msg_id_9> <can_core/tx_msg_id_8> <can_core/tx_msg_id_7> <can_core/tx_msg_id_6> <can_core/tx_msg_id_5> <can_core/tx_msg_id_3> 
INFO:Xst:2261 - The FF/Latch <resp_pid_2> in Unit <obd_can_node> is equivalent to the following FF/Latch, which will be removed : <resp_pid_3> 
INFO:Xst:2261 - The FF/Latch <test_tx_cnt_1> in Unit <obd_can_node> is equivalent to the following FF/Latch, which will be removed : <hb_cnt_1> 
INFO:Xst:2261 - The FF/Latch <test_tx_cnt_2> in Unit <obd_can_node> is equivalent to the following FF/Latch, which will be removed : <hb_cnt_2> 
INFO:Xst:2261 - The FF/Latch <test_tx_cnt_3> in Unit <obd_can_node> is equivalent to the following FF/Latch, which will be removed : <hb_cnt_3> 
INFO:Xst:2261 - The FF/Latch <test_tx_cnt_4> in Unit <obd_can_node> is equivalent to the following FF/Latch, which will be removed : <hb_cnt_4> 
INFO:Xst:2261 - The FF/Latch <test_tx_cnt_5> in Unit <obd_can_node> is equivalent to the following FF/Latch, which will be removed : <hb_cnt_5> 
INFO:Xst:2261 - The FF/Latch <test_tx_cnt_6> in Unit <obd_can_node> is equivalent to the following FF/Latch, which will be removed : <hb_cnt_6> 
INFO:Xst:2261 - The FF/Latch <test_tx_cnt_7> in Unit <obd_can_node> is equivalent to the following FF/Latch, which will be removed : <hb_cnt_7> 
INFO:Xst:2261 - The FF/Latch <hb_cnt_0> in Unit <obd_can_node> is equivalent to the following FF/Latch, which will be removed : <test_tx_cnt_0> 
INFO:Xst:2261 - The FF/Latch <tx_id_3> in Unit <obd_can_node> is equivalent to the following 8 FFs/Latches, which will be removed : <tx_id_5> <tx_id_6> <tx_id_7> <tx_id_8> <tx_id_9> <tx_id_10> <tx_dlc_3> <tx_data_48> 
INFO:Xst:2261 - The FF/Latch <can_rx_d1> in Unit <obd_can_node> is equivalent to the following FF/Latch, which will be removed : <can_core/can_rx_ff1> 
INFO:Xst:2261 - The FF/Latch <can_rx_d2> in Unit <obd_can_node> is equivalent to the following FF/Latch, which will be removed : <can_core/can_rx_ff2> 

Mapping all equations...
Building and optimizing final netlist ...
Found area constraint ratio of 100 (+ 5) on block obd_can_node, actual ratio is 13.
FlipFlop can_core/prep_bit_cnt_0 has been replicated 1 time(s)
FlipFlop can_core/prep_bit_cnt_1 has been replicated 1 time(s)
FlipFlop can_core/prep_bit_cnt_2 has been replicated 3 time(s)
FlipFlop can_core/prep_bit_cnt_3 has been replicated 1 time(s)
FlipFlop can_core/rx_bit_cnt_2 has been replicated 1 time(s)
FlipFlop can_core/rx_state_FSM_FFd1 has been replicated 2 time(s)
FlipFlop can_core/rx_state_FSM_FFd2 has been replicated 2 time(s)
FlipFlop can_core/rx_state_FSM_FFd3 has been replicated 2 time(s)
FlipFlop can_core/rx_state_FSM_FFd4 has been replicated 2 time(s)
FlipFlop can_core/tq_cnt_0 has been replicated 1 time(s)
FlipFlop can_core/tq_cnt_1 has been replicated 1 time(s)
FlipFlop can_core/tx_active has been replicated 1 time(s)
FlipFlop can_core/tx_buf_pos_0 has been replicated 2 time(s)
FlipFlop can_core/tx_buf_pos_1 has been replicated 2 time(s)
FlipFlop can_rx_d2 has been replicated 1 time(s)

Final Macro Processing ...

=========================================================================
Final Register Report

Macro Statistics
# Registers                                            : 573
 Flip-Flops                                            : 573

=========================================================================

=========================================================================
*                           Partition Report                            *
=========================================================================

Partition Implementation Status
-------------------------------

  No Partitions were found in this design.

-------------------------------

=========================================================================
*                            Design Summary                             *
=========================================================================

Top Level Output File Name         : obd_can_node.ngc

Primitive and Black Box Usage:
------------------------------
# BELS                             : 1177
#      GND                         : 1
#      INV                         : 6
#      LUT1                        : 34
#      LUT2                        : 61
#      LUT3                        : 54
#      LUT4                        : 91
#      LUT5                        : 178
#      LUT6                        : 537
#      MUXCY                       : 91
#      MUXF7                       : 41
#      MUXF8                       : 17
#      VCC                         : 1
#      XORCY                       : 65
# FlipFlops/Latches                : 573
#      FD                          : 8
#      FDR                         : 134
#      FDRE                        : 423
#      FDS                         : 8
# Clock Buffers                    : 1
#      BUFGP                       : 1
# IO Buffers                       : 4
#      IBUF                        : 2
#      OBUF                        : 2

Device utilization summary:
---------------------------

Selected Device : 6slx16csg324-2 


Slice Logic Utilization: 
 Number of Slice Registers:             573  out of  18224     3%  
 Number of Slice LUTs:                  961  out of   9112    10%  
    Number used as Logic:               961  out of   9112    10%  

Slice Logic Distribution: 
 Number of LUT Flip Flop pairs used:   1003
   Number with an unused Flip Flop:     430  out of   1003    42%  
   Number with an unused LUT:            42  out of   1003     4%  
   Number of fully used LUT-FF pairs:   531  out of   1003    52%  
   Number of unique control sets:        34

IO Utilization: 
 Number of IOs:                           6
 Number of bonded IOBs:                   5  out of    232     2%  

Specific Feature Utilization:
 Number of BUFG/BUFGCTRLs:                1  out of     16     6%  

---------------------------
Partition Resource Summary:
---------------------------

  No Partitions were found in this design.

---------------------------


=========================================================================
Timing Report

NOTE: THESE TIMING NUMBERS ARE ONLY A SYNTHESIS ESTIMATE.
      FOR ACCURATE TIMING INFORMATION PLEASE REFER TO THE TRACE REPORT
      GENERATED AFTER PLACE-and-ROUTE.

Clock Information:
------------------
-----------------------------------+------------------------+-------+
Clock Signal                       | Clock buffer(FF name)  | Load  |
-----------------------------------+------------------------+-------+
clk                                | BUFGP                  | 573   |
-----------------------------------+------------------------+-------+

Asynchronous Control Signals Information:
----------------------------------------
No asynchronous control signals found in this design

Timing Summary:
---------------
Speed Grade: -2

   Minimum period: 6.968ns (Maximum Frequency: 143.513MHz)
   Minimum input arrival time before clock: 7.328ns
   Maximum output required time after clock: 6.318ns
   Maximum combinational path delay: No path found

Timing Details:
---------------
All values displayed in nanoseconds (ns)

=========================================================================
Timing constraint: Default period analysis for Clock 'clk'
  Clock period: 6.968ns (frequency: 143.513MHz)
  Total number of paths / destination ports: 63954 / 1358
-------------------------------------------------------------------------
Delay:               6.968ns (Levels of Logic = 5)
  Source:            can_core/prep_byte_cnt_1 (FF)
  Destination:       can_core/prep_same_cnt_2 (FF)
  Source Clock:      clk rising
  Destination Clock: clk rising

  Data Path: can_core/prep_byte_cnt_1 to can_core/prep_same_cnt_2
                                Gate     Net
    Cell:in->out      fanout   Delay   Delay  Logical Name (Net Name)
    ----------------------------------------  ------------
     FDRE:C->Q             8   0.525   1.172  can_core/prep_byte_cnt_1 (can_core/prep_byte_cnt_1)
     LUT4:I1->O            2   0.235   0.725  can_core/Msub_GND_2_o_GND_2_o_sub_192_OUT<5:0>_lut<0>41 (can_core/Msub_GND_2_o_GND_2_o_sub_192_OUT<5:0>_lut<0>4)
     MUXF7:S->O            2   0.185   0.954  can_core/Mmux_prep_state[3]_PWR_2_o_Mux_195_o29 (can_core/Mmux_prep_state[3]_PWR_2_o_Mux_195_o28)
     LUT6:I3->O           12   0.235   1.177  can_core/Mmux_prep_state[3]_PWR_2_o_Mux_195_o216_1 (can_core/Mmux_prep_state[3]_PWR_2_o_Mux_195_o216)
     LUT6:I4->O           16   0.250   1.182  can_core/Mmux_prep_state[3]_PWR_2_o_Mux_195_o217_12 (can_core/Mmux_prep_state[3]_PWR_2_o_Mux_195_o21711)
     LUT6:I5->O            1   0.254   0.000  can_core/_n129311 (can_core/_n12931)
     FDRE:D                    0.074          can_core/prep_same_cnt_2
    ----------------------------------------
    Total                      6.968ns (1.758ns logic, 5.210ns route)
                                       (25.2% logic, 74.8% route)

=========================================================================
Timing constraint: Default OFFSET IN BEFORE for Clock 'clk'
  Total number of paths / destination ports: 574 / 574
-------------------------------------------------------------------------
Offset:              7.328ns (Levels of Logic = 2)
  Source:            reset (PAD)
  Destination:       can_core/tx_buf_len_0 (FF)
  Destination Clock: clk rising

  Data Path: reset to can_core/tx_buf_len_0
                                Gate     Net
    Cell:in->out      fanout   Delay   Delay  Logical Name (Net Name)
    ----------------------------------------  ------------
     IBUF:I->O           215   1.328   2.850  reset_IBUF (reset_IBUF)
     LUT5:I0->O          304   0.254   2.436  can_core/Mcount_prep_byte_cnt_val1 (can_core/Mcount_prep_byte_cnt_val)
     FDRE:R                    0.459          can_core/prep_byte_cnt_0
    ----------------------------------------
    Total                      7.328ns (2.041ns logic, 5.287ns route)
                                       (27.9% logic, 72.1% route)

=========================================================================
Timing constraint: Default OFFSET OUT AFTER for Clock 'clk'
  Total number of paths / destination ports: 4 / 2
-------------------------------------------------------------------------
Offset:              6.318ns (Levels of Logic = 2)
  Source:            can_core/tx_active (FF)
  Destination:       can_tx (PAD)
  Source Clock:      clk rising

  Data Path: can_core/tx_active to can_tx
                                Gate     Net
    Cell:in->out      fanout   Delay   Delay  Logical Name (Net Name)
    ----------------------------------------  ------------
     FD:C->Q              45   0.525   1.965  can_core/tx_active (can_core/tx_active)
     LUT3:I0->O            1   0.235   0.681  can_core/Mmux_can_tx11 (can_tx_OBUF)
     OBUF:I->O                 2.912          can_tx_OBUF (can_tx)
    ----------------------------------------
    Total                      6.318ns (3.672ns logic, 2.646ns route)
                                       (58.1% logic, 41.9% route)

=========================================================================

Cross Clock Domains Report:
--------------------------

Clock to Setup on destination clock clk
---------------+---------+---------+---------+---------+
               | Src:Rise| Src:Fall| Src:Rise| Src:Fall|
Source Clock   |Dest:Rise|Dest:Rise|Dest:Fall|Dest:Fall|
---------------+---------+---------+---------+---------+
clk            |    6.968|         |         |         |
---------------+---------+---------+---------+---------+

=========================================================================


Total REAL time to Xst completion: 7.00 secs
Total CPU time to Xst completion: 6.90 secs
 
--> 


Total memory usage is 389924 kilobytes

Number of errors   :    0 (   0 filtered)
Number of warnings :  224 (   0 filtered)
Number of infos    :   26 (   0 filtered)

