Release 14.7 Map P.20131013 (lin64)
Xilinx Mapping Report File for Design 'clk_probe'

Design Information
------------------
Command Line   : map -intstyle ise -p xc6slx16-csg324-2 -w -logic_opt off -ol
high -t 1 -o clk_probe_map.ncd clk_probe.ngd clk_probe.pcf 
Target Device  : xc6slx16
Target Package : csg324
Target Speed   : -2
Mapper Version : spartan6 -- $Revision: 1.55 $
Mapped Date    : Fri Jun  5 05:44:31 2026

Design Summary
--------------
Number of errors:      0
Number of warnings:    0
Slice Logic Utilization:
  Number of Slice Registers:                    28 out of  18,224    1%
    Number used as Flip Flops:                  28
    Number used as Latches:                      0
    Number used as Latch-thrus:                  0
    Number used as AND/OR logics:                0
  Number of Slice LUTs:                         28 out of   9,112    1%
    Number used as logic:                       27 out of   9,112    1%
      Number using O6 output only:               0
      Number using O5 output only:              26
      Number using O5 and O6:                    1
      Number used as ROM:                        0
    Number used as Memory:                       0 out of   2,176    0%
    Number used exclusively as route-thrus:      1
      Number with same-slice register load:      0
      Number with same-slice carry load:         1
      Number with other load:                    0

Slice Logic Distribution:
  Number of occupied Slices:                     7 out of   2,278    1%
  Number of MUXCYs used:                        28 out of   4,556    1%
  Number of LUT Flip Flop pairs used:           28
    Number with an unused Flip Flop:             0 out of      28    0%
    Number with an unused LUT:                   0 out of      28    0%
    Number of fully used LUT-FF pairs:          28 out of      28  100%
    Number of unique control sets:               1
    Number of slice register sites lost
      to control set restrictions:               4 out of  18,224    1%

  A LUT Flip Flop pair for this architecture represents one LUT paired with
  one Flip Flop within a slice.  A control set is a unique combination of
  clock, reset, set, and enable signals for a registered element.
  The Slice Logic Distribution report is not meaningful if the design is
  over-mapped for a non-slice resource or if Placement fails.

IO Utilization:
  Number of bonded IOBs:                       197 out of     232   84%
    Number of LOCed IOBs:                      197 out of     197  100%

Specific Feature Utilization:
  Number of RAMB16BWERs:                         0 out of      32    0%
  Number of RAMB8BWERs:                          0 out of      64    0%
  Number of BUFIO2/BUFIO2_2CLKs:                 0 out of      32    0%
  Number of BUFIO2FB/BUFIO2FB_2CLKs:             0 out of      32    0%
  Number of BUFG/BUFGMUXs:                       1 out of      16    6%
    Number used as BUFGs:                        1
    Number used as BUFGMUX:                      0
  Number of DCM/DCM_CLKGENs:                     0 out of       4    0%
  Number of ILOGIC2/ISERDES2s:                   0 out of     248    0%
  Number of IODELAY2/IODRP2/IODRP2_MCBs:         0 out of     248    0%
  Number of OLOGIC2/OSERDES2s:                   0 out of     248    0%
  Number of BSCANs:                              0 out of       4    0%
  Number of BUFHs:                               0 out of     128    0%
  Number of BUFPLLs:                             0 out of       8    0%
  Number of BUFPLL_MCBs:                         0 out of       4    0%
  Number of DSP48A1s:                            0 out of      32    0%
  Number of ICAPs:                               0 out of       1    0%
  Number of MCBs:                                0 out of       2    0%
  Number of PCILOGICSEs:                         0 out of       2    0%
  Number of PLL_ADVs:                            0 out of       2    0%
  Number of PMVs:                                0 out of       1    0%
  Number of STARTUPs:                            0 out of       1    0%
  Number of SUSPEND_SYNCs:                       0 out of       1    0%

Average Fanout of Non-Clock Nets:                1.03

Peak Memory Usage:  659 MB
Total REAL time to MAP completion:  1 secs 
Total CPU time to MAP completion:   1 secs 

Table of Contents
-----------------
Section 1 - Errors
Section 2 - Warnings
Section 3 - Informational
Section 4 - Removed Logic Summary
Section 5 - Removed Logic
Section 6 - IOB Properties
Section 7 - RPMs
Section 8 - Guide Report
Section 9 - Area Group and Partition Summary
Section 10 - Timing Report
Section 11 - Configuration String Information
Section 12 - Control Set Information
Section 13 - Utilization by Hierarchy

Section 1 - Errors
------------------

Section 2 - Warnings
--------------------

Section 3 - Informational
-------------------------
INFO:MapLib:562 - No environment variables are currently set.
INFO:LIT:244 - All of the single ended outputs in this design are using slew
   rate limited output drivers. The delay on speed critical single ended outputs
   can be dramatically reduced by designating them as fast outputs.
INFO:Pack:1716 - Initializing temperature to 85.000 Celsius. (default - Range:
   0.000 to 85.000 Celsius)
INFO:Pack:1720 - Initializing voltage to 1.140 Volts. (default - Range: 1.140 to
   1.260 Volts)
INFO:Map:215 - The Interim Design Summary has been generated in the MAP Report
   (.mrp).
INFO:Pack:1650 - Map created a placed design.

Section 4 - Removed Logic Summary
---------------------------------
   2 block(s) optimized away

Section 5 - Removed Logic
-------------------------

Optimized Block(s):
TYPE 		BLOCK
GND 		XST_GND
VCC 		XST_VCC

To enable printing of redundant blocks removed and signals merged, set the
detailed map report option and rerun map.

Section 6 - IOB Properties
--------------------------

+---------------------------------------------------------------------------------------------------------------------------------------------------------+
| IOB Name                           | Type             | Direction | IO Standard          | Diff  | Drive    | Slew | Reg (s)      | Resistor | IOB      |
|                                    |                  |           |                      | Term  | Strength | Rate |              |          | Delay    |
+---------------------------------------------------------------------------------------------------------------------------------------------------------+
| clk_in                             | IOB              | INPUT     | LVCMOS33             |       |          |      |              |          |          |
| led<0>                             | IOB              | OUTPUT    | LVCMOS33             |       | 2        | SLOW |              |          |          |
| led<1>                             | IOB              | OUTPUT    | LVCMOS33             |       | 2        | SLOW |              |          |          |
| pin_out<0>                         | IOB              | OUTPUT    | LVCMOS33             |       | 12       | SLOW |              |          |          |
| pin_out<1>                         | IOB              | OUTPUT    | LVCMOS33             |       | 12       | SLOW |              |          |          |
| pin_out<2>                         | IOB              | OUTPUT    | LVCMOS33             |       | 12       | SLOW |              |          |          |
| pin_out<3>                         | IOB              | OUTPUT    | LVCMOS33             |       | 12       | SLOW |              |          |          |
| pin_out<4>                         | IOB              | OUTPUT    | LVCMOS33             |       | 12       | SLOW |              |          |          |
| pin_out<5>                         | IOB              | OUTPUT    | LVCMOS33             |       | 12       | SLOW |              |          |          |
| pin_out<6>                         | IOB              | OUTPUT    | LVCMOS33             |       | 12       | SLOW |              |          |          |
| pin_out<7>                         | IOB              | OUTPUT    | LVCMOS33             |       | 12       | SLOW |              |          |          |
| pin_out<8>                         | IOB              | OUTPUT    | LVCMOS33             |       | 12       | SLOW |              |          |          |
| pin_out<9>                         | IOB              | OUTPUT    | LVCMOS33             |       | 12       | SLOW |              |          |          |
| pin_out<10>                        | IOB              | OUTPUT    | LVCMOS33             |       | 12       | SLOW |              |          |          |
| pin_out<11>                        | IOB              | OUTPUT    | LVCMOS33             |       | 12       | SLOW |              |          |          |
| pin_out<12>                        | IOB              | OUTPUT    | LVCMOS33             |       | 12       | SLOW |              |          |          |
| pin_out<13>                        | IOB              | OUTPUT    | LVCMOS33             |       | 12       | SLOW |              |          |          |
| pin_out<14>                        | IOB              | OUTPUT    | LVCMOS33             |       | 12       | SLOW |              |          |          |
| pin_out<15>                        | IOB              | OUTPUT    | LVCMOS33             |       | 12       | SLOW |              |          |          |
| pin_out<16>                        | IOB              | OUTPUT    | LVCMOS33             |       | 12       | SLOW |              |          |          |
| pin_out<17>                        | IOB              | OUTPUT    | LVCMOS33             |       | 12       | SLOW |              |          |          |
| pin_out<18>                        | IOB              | OUTPUT    | LVCMOS33             |       | 12       | SLOW |              |          |          |
| pin_out<19>                        | IOB              | OUTPUT    | LVCMOS33             |       | 12       | SLOW |              |          |          |
| pin_out<20>                        | IOB              | OUTPUT    | LVCMOS33             |       | 12       | SLOW |              |          |          |
| pin_out<21>                        | IOB              | OUTPUT    | LVCMOS33             |       | 12       | SLOW |              |          |          |
| pin_out<22>                        | IOB              | OUTPUT    | LVCMOS33             |       | 12       | SLOW |              |          |          |
| pin_out<23>                        | IOB              | OUTPUT    | LVCMOS33             |       | 12       | SLOW |              |          |          |
| pin_out<24>                        | IOB              | OUTPUT    | LVCMOS33             |       | 12       | SLOW |              |          |          |
| pin_out<25>                        | IOB              | OUTPUT    | LVCMOS33             |       | 12       | SLOW |              |          |          |
| pin_out<26>                        | IOB              | OUTPUT    | LVCMOS33             |       | 12       | SLOW |              |          |          |
| pin_out<27>                        | IOB              | OUTPUT    | LVCMOS33             |       | 12       | SLOW |              |          |          |
| pin_out<28>                        | IOB              | OUTPUT    | LVCMOS33             |       | 12       | SLOW |              |          |          |
| pin_out<29>                        | IOB              | OUTPUT    | LVCMOS33             |       | 12       | SLOW |              |          |          |
| pin_out<30>                        | IOB              | OUTPUT    | LVCMOS33             |       | 12       | SLOW |              |          |          |
| pin_out<31>                        | IOB              | OUTPUT    | LVCMOS33             |       | 12       | SLOW |              |          |          |
| pin_out<32>                        | IOB              | OUTPUT    | LVCMOS33             |       | 12       | SLOW |              |          |          |
| pin_out<33>                        | IOB              | OUTPUT    | LVCMOS33             |       | 12       | SLOW |              |          |          |
| pin_out<34>                        | IOB              | OUTPUT    | LVCMOS33             |       | 12       | SLOW |              |          |          |
| pin_out<35>                        | IOB              | OUTPUT    | LVCMOS33             |       | 12       | SLOW |              |          |          |
| pin_out<36>                        | IOB              | OUTPUT    | LVCMOS33             |       | 12       | SLOW |              |          |          |
| pin_out<37>                        | IOB              | OUTPUT    | LVCMOS33             |       | 12       | SLOW |              |          |          |
| pin_out<38>                        | IOB              | OUTPUT    | LVCMOS33             |       | 12       | SLOW |              |          |          |
| pin_out<39>                        | IOB              | OUTPUT    | LVCMOS33             |       | 12       | SLOW |              |          |          |
| pin_out<40>                        | IOB              | OUTPUT    | LVCMOS33             |       | 12       | SLOW |              |          |          |
| pin_out<41>                        | IOB              | OUTPUT    | LVCMOS33             |       | 12       | SLOW |              |          |          |
| pin_out<42>                        | IOB              | OUTPUT    | LVCMOS33             |       | 12       | SLOW |              |          |          |
| pin_out<43>                        | IOB              | OUTPUT    | LVCMOS33             |       | 12       | SLOW |              |          |          |
| pin_out<44>                        | IOB              | OUTPUT    | LVCMOS33             |       | 12       | SLOW |              |          |          |
| pin_out<45>                        | IOB              | OUTPUT    | LVCMOS33             |       | 12       | SLOW |              |          |          |
| pin_out<46>                        | IOB              | OUTPUT    | LVCMOS33             |       | 12       | SLOW |              |          |          |
| pin_out<47>                        | IOB              | OUTPUT    | LVCMOS33             |       | 12       | SLOW |              |          |          |
| pin_out<48>                        | IOB              | OUTPUT    | LVCMOS33             |       | 12       | SLOW |              |          |          |
| pin_out<49>                        | IOB              | OUTPUT    | LVCMOS33             |       | 12       | SLOW |              |          |          |
| pin_out<50>                        | IOB              | OUTPUT    | LVCMOS33             |       | 12       | SLOW |              |          |          |
| pin_out<51>                        | IOB              | OUTPUT    | LVCMOS33             |       | 12       | SLOW |              |          |          |
| pin_out<52>                        | IOB              | OUTPUT    | LVCMOS33             |       | 12       | SLOW |              |          |          |
| pin_out<53>                        | IOB              | OUTPUT    | LVCMOS33             |       | 12       | SLOW |              |          |          |
| pin_out<54>                        | IOB              | OUTPUT    | LVCMOS33             |       | 12       | SLOW |              |          |          |
| pin_out<55>                        | IOB              | OUTPUT    | LVCMOS33             |       | 12       | SLOW |              |          |          |
| pin_out<56>                        | IOB              | OUTPUT    | LVCMOS33             |       | 12       | SLOW |              |          |          |
| pin_out<57>                        | IOB              | OUTPUT    | LVCMOS33             |       | 12       | SLOW |              |          |          |
| pin_out<58>                        | IOB              | OUTPUT    | LVCMOS33             |       | 12       | SLOW |              |          |          |
| pin_out<59>                        | IOB              | OUTPUT    | LVCMOS33             |       | 12       | SLOW |              |          |          |
| pin_out<60>                        | IOB              | OUTPUT    | LVCMOS33             |       | 12       | SLOW |              |          |          |
| pin_out<61>                        | IOB              | OUTPUT    | LVCMOS33             |       | 12       | SLOW |              |          |          |
| pin_out<62>                        | IOB              | OUTPUT    | LVCMOS33             |       | 12       | SLOW |              |          |          |
| pin_out<63>                        | IOB              | OUTPUT    | LVCMOS33             |       | 12       | SLOW |              |          |          |
| pin_out<64>                        | IOB              | OUTPUT    | LVCMOS33             |       | 12       | SLOW |              |          |          |
| pin_out<65>                        | IOB              | OUTPUT    | LVCMOS33             |       | 12       | SLOW |              |          |          |
| pin_out<66>                        | IOB              | OUTPUT    | LVCMOS33             |       | 12       | SLOW |              |          |          |
| pin_out<67>                        | IOB              | OUTPUT    | LVCMOS33             |       | 12       | SLOW |              |          |          |
| pin_out<68>                        | IOB              | OUTPUT    | LVCMOS33             |       | 12       | SLOW |              |          |          |
| pin_out<69>                        | IOB              | OUTPUT    | LVCMOS33             |       | 12       | SLOW |              |          |          |
| pin_out<70>                        | IOB              | OUTPUT    | LVCMOS33             |       | 12       | SLOW |              |          |          |
| pin_out<71>                        | IOB              | OUTPUT    | LVCMOS33             |       | 12       | SLOW |              |          |          |
| pin_out<72>                        | IOB              | OUTPUT    | LVCMOS33             |       | 12       | SLOW |              |          |          |
| pin_out<73>                        | IOB              | OUTPUT    | LVCMOS33             |       | 12       | SLOW |              |          |          |
| pin_out<74>                        | IOB              | OUTPUT    | LVCMOS33             |       | 12       | SLOW |              |          |          |
| pin_out<75>                        | IOB              | OUTPUT    | LVCMOS33             |       | 12       | SLOW |              |          |          |
| pin_out<76>                        | IOB              | OUTPUT    | LVCMOS33             |       | 12       | SLOW |              |          |          |
| pin_out<77>                        | IOB              | OUTPUT    | LVCMOS33             |       | 12       | SLOW |              |          |          |
| pin_out<78>                        | IOB              | OUTPUT    | LVCMOS33             |       | 12       | SLOW |              |          |          |
| pin_out<79>                        | IOB              | OUTPUT    | LVCMOS33             |       | 12       | SLOW |              |          |          |
| pin_out<80>                        | IOB              | OUTPUT    | LVCMOS33             |       | 12       | SLOW |              |          |          |
| pin_out<81>                        | IOB              | OUTPUT    | LVCMOS33             |       | 12       | SLOW |              |          |          |
| pin_out<82>                        | IOB              | OUTPUT    | LVCMOS33             |       | 12       | SLOW |              |          |          |
| pin_out<83>                        | IOB              | OUTPUT    | LVCMOS33             |       | 12       | SLOW |              |          |          |
| pin_out<84>                        | IOB              | OUTPUT    | LVCMOS33             |       | 12       | SLOW |              |          |          |
| pin_out<85>                        | IOB              | OUTPUT    | LVCMOS33             |       | 12       | SLOW |              |          |          |
| pin_out<86>                        | IOB              | OUTPUT    | LVCMOS33             |       | 12       | SLOW |              |          |          |
| pin_out<87>                        | IOB              | OUTPUT    | LVCMOS33             |       | 12       | SLOW |              |          |          |
| pin_out<88>                        | IOB              | OUTPUT    | LVCMOS33             |       | 12       | SLOW |              |          |          |
| pin_out<89>                        | IOB              | OUTPUT    | LVCMOS33             |       | 12       | SLOW |              |          |          |
| pin_out<90>                        | IOB              | OUTPUT    | LVCMOS33             |       | 12       | SLOW |              |          |          |
| pin_out<91>                        | IOB              | OUTPUT    | LVCMOS33             |       | 12       | SLOW |              |          |          |
| pin_out<92>                        | IOB              | OUTPUT    | LVCMOS33             |       | 12       | SLOW |              |          |          |
| pin_out<93>                        | IOB              | OUTPUT    | LVCMOS33             |       | 12       | SLOW |              |          |          |
| pin_out<94>                        | IOB              | OUTPUT    | LVCMOS33             |       | 12       | SLOW |              |          |          |
| pin_out<95>                        | IOB              | OUTPUT    | LVCMOS33             |       | 12       | SLOW |              |          |          |
| pin_out<96>                        | IOB              | OUTPUT    | LVCMOS33             |       | 12       | SLOW |              |          |          |
| pin_out<97>                        | IOB              | OUTPUT    | LVCMOS33             |       | 12       | SLOW |              |          |          |
| pin_out<98>                        | IOB              | OUTPUT    | LVCMOS33             |       | 12       | SLOW |              |          |          |
| pin_out<99>                        | IOB              | OUTPUT    | LVCMOS33             |       | 12       | SLOW |              |          |          |
| pin_out<100>                       | IOB              | OUTPUT    | LVCMOS33             |       | 12       | SLOW |              |          |          |
| pin_out<101>                       | IOB              | OUTPUT    | LVCMOS33             |       | 12       | SLOW |              |          |          |
| pin_out<102>                       | IOB              | OUTPUT    | LVCMOS33             |       | 12       | SLOW |              |          |          |
| pin_out<103>                       | IOB              | OUTPUT    | LVCMOS33             |       | 12       | SLOW |              |          |          |
| pin_out<104>                       | IOB              | OUTPUT    | LVCMOS33             |       | 12       | SLOW |              |          |          |
| pin_out<105>                       | IOB              | OUTPUT    | LVCMOS33             |       | 12       | SLOW |              |          |          |
| pin_out<106>                       | IOB              | OUTPUT    | LVCMOS33             |       | 12       | SLOW |              |          |          |
| pin_out<107>                       | IOB              | OUTPUT    | LVCMOS33             |       | 12       | SLOW |              |          |          |
| pin_out<108>                       | IOB              | OUTPUT    | LVCMOS33             |       | 12       | SLOW |              |          |          |
| pin_out<109>                       | IOB              | OUTPUT    | LVCMOS33             |       | 12       | SLOW |              |          |          |
| pin_out<110>                       | IOB              | OUTPUT    | LVCMOS33             |       | 12       | SLOW |              |          |          |
| pin_out<111>                       | IOB              | OUTPUT    | LVCMOS33             |       | 12       | SLOW |              |          |          |
| pin_out<112>                       | IOB              | OUTPUT    | LVCMOS33             |       | 12       | SLOW |              |          |          |
| pin_out<113>                       | IOB              | OUTPUT    | LVCMOS33             |       | 12       | SLOW |              |          |          |
| pin_out<114>                       | IOB              | OUTPUT    | LVCMOS33             |       | 12       | SLOW |              |          |          |
| pin_out<115>                       | IOB              | OUTPUT    | LVCMOS33             |       | 12       | SLOW |              |          |          |
| pin_out<116>                       | IOB              | OUTPUT    | LVCMOS33             |       | 12       | SLOW |              |          |          |
| pin_out<117>                       | IOB              | OUTPUT    | LVCMOS33             |       | 12       | SLOW |              |          |          |
| pin_out<118>                       | IOB              | OUTPUT    | LVCMOS33             |       | 12       | SLOW |              |          |          |
| pin_out<119>                       | IOB              | OUTPUT    | LVCMOS33             |       | 12       | SLOW |              |          |          |
| pin_out<120>                       | IOB              | OUTPUT    | LVCMOS33             |       | 12       | SLOW |              |          |          |
| pin_out<121>                       | IOB              | OUTPUT    | LVCMOS33             |       | 12       | SLOW |              |          |          |
| pin_out<122>                       | IOB              | OUTPUT    | LVCMOS33             |       | 12       | SLOW |              |          |          |
| pin_out<123>                       | IOB              | OUTPUT    | LVCMOS33             |       | 12       | SLOW |              |          |          |
| pin_out<124>                       | IOB              | OUTPUT    | LVCMOS33             |       | 12       | SLOW |              |          |          |
| pin_out<125>                       | IOB              | OUTPUT    | LVCMOS33             |       | 12       | SLOW |              |          |          |
| pin_out<126>                       | IOB              | OUTPUT    | LVCMOS33             |       | 12       | SLOW |              |          |          |
| pin_out<127>                       | IOB              | OUTPUT    | LVCMOS33             |       | 12       | SLOW |              |          |          |
| pin_out<128>                       | IOB              | OUTPUT    | LVCMOS33             |       | 12       | SLOW |              |          |          |
| pin_out<129>                       | IOB              | OUTPUT    | LVCMOS33             |       | 12       | SLOW |              |          |          |
| pin_out<130>                       | IOB              | OUTPUT    | LVCMOS33             |       | 12       | SLOW |              |          |          |
| pin_out<131>                       | IOB              | OUTPUT    | LVCMOS33             |       | 12       | SLOW |              |          |          |
| pin_out<132>                       | IOB              | OUTPUT    | LVCMOS33             |       | 12       | SLOW |              |          |          |
| pin_out<133>                       | IOB              | OUTPUT    | LVCMOS33             |       | 12       | SLOW |              |          |          |
| pin_out<134>                       | IOB              | OUTPUT    | LVCMOS33             |       | 12       | SLOW |              |          |          |
| pin_out<135>                       | IOB              | OUTPUT    | LVCMOS33             |       | 12       | SLOW |              |          |          |
| pin_out<136>                       | IOB              | OUTPUT    | LVCMOS33             |       | 12       | SLOW |              |          |          |
| pin_out<137>                       | IOB              | OUTPUT    | LVCMOS33             |       | 12       | SLOW |              |          |          |
| pin_out<138>                       | IOB              | OUTPUT    | LVCMOS33             |       | 12       | SLOW |              |          |          |
| pin_out<139>                       | IOB              | OUTPUT    | LVCMOS33             |       | 12       | SLOW |              |          |          |
| pin_out<140>                       | IOB              | OUTPUT    | LVCMOS33             |       | 12       | SLOW |              |          |          |
| pin_out<141>                       | IOB              | OUTPUT    | LVCMOS33             |       | 12       | SLOW |              |          |          |
| pin_out<142>                       | IOB              | OUTPUT    | LVCMOS33             |       | 12       | SLOW |              |          |          |
| pin_out<143>                       | IOB              | OUTPUT    | LVCMOS33             |       | 12       | SLOW |              |          |          |
| pin_out<144>                       | IOB              | OUTPUT    | LVCMOS33             |       | 12       | SLOW |              |          |          |
| pin_out<145>                       | IOB              | OUTPUT    | LVCMOS33             |       | 12       | SLOW |              |          |          |
| pin_out<146>                       | IOB              | OUTPUT    | LVCMOS33             |       | 12       | SLOW |              |          |          |
| pin_out<147>                       | IOB              | OUTPUT    | LVCMOS33             |       | 12       | SLOW |              |          |          |
| pin_out<148>                       | IOB              | OUTPUT    | LVCMOS33             |       | 12       | SLOW |              |          |          |
| pin_out<149>                       | IOB              | OUTPUT    | LVCMOS33             |       | 12       | SLOW |              |          |          |
| pin_out<150>                       | IOB              | OUTPUT    | LVCMOS33             |       | 12       | SLOW |              |          |          |
| pin_out<151>                       | IOB              | OUTPUT    | LVCMOS33             |       | 12       | SLOW |              |          |          |
| pin_out<152>                       | IOB              | OUTPUT    | LVCMOS33             |       | 12       | SLOW |              |          |          |
| pin_out<153>                       | IOB              | OUTPUT    | LVCMOS33             |       | 12       | SLOW |              |          |          |
| pin_out<154>                       | IOB              | OUTPUT    | LVCMOS33             |       | 12       | SLOW |              |          |          |
| pin_out<155>                       | IOB              | OUTPUT    | LVCMOS33             |       | 12       | SLOW |              |          |          |
| pin_out<156>                       | IOB              | OUTPUT    | LVCMOS33             |       | 12       | SLOW |              |          |          |
| pin_out<157>                       | IOB              | OUTPUT    | LVCMOS33             |       | 12       | SLOW |              |          |          |
| pin_out<158>                       | IOB              | OUTPUT    | LVCMOS33             |       | 12       | SLOW |              |          |          |
| pin_out<159>                       | IOB              | OUTPUT    | LVCMOS33             |       | 12       | SLOW |              |          |          |
| pin_out<160>                       | IOB              | OUTPUT    | LVCMOS33             |       | 12       | SLOW |              |          |          |
| pin_out<161>                       | IOB              | OUTPUT    | LVCMOS33             |       | 12       | SLOW |              |          |          |
| pin_out<162>                       | IOB              | OUTPUT    | LVCMOS33             |       | 12       | SLOW |              |          |          |
| pin_out<163>                       | IOB              | OUTPUT    | LVCMOS33             |       | 12       | SLOW |              |          |          |
| pin_out<164>                       | IOB              | OUTPUT    | LVCMOS33             |       | 12       | SLOW |              |          |          |
| pin_out<165>                       | IOB              | OUTPUT    | LVCMOS33             |       | 12       | SLOW |              |          |          |
| pin_out<166>                       | IOB              | OUTPUT    | LVCMOS33             |       | 12       | SLOW |              |          |          |
| pin_out<167>                       | IOB              | OUTPUT    | LVCMOS33             |       | 12       | SLOW |              |          |          |
| pin_out<168>                       | IOB              | OUTPUT    | LVCMOS33             |       | 12       | SLOW |              |          |          |
| pin_out<169>                       | IOB              | OUTPUT    | LVCMOS33             |       | 12       | SLOW |              |          |          |
| pin_out<170>                       | IOB              | OUTPUT    | LVCMOS33             |       | 12       | SLOW |              |          |          |
| pin_out<171>                       | IOB              | OUTPUT    | LVCMOS33             |       | 12       | SLOW |              |          |          |
| pin_out<172>                       | IOB              | OUTPUT    | LVCMOS33             |       | 12       | SLOW |              |          |          |
| pin_out<173>                       | IOB              | OUTPUT    | LVCMOS33             |       | 12       | SLOW |              |          |          |
| pin_out<174>                       | IOB              | OUTPUT    | LVCMOS33             |       | 12       | SLOW |              |          |          |
| pin_out<175>                       | IOB              | OUTPUT    | LVCMOS33             |       | 12       | SLOW |              |          |          |
| pin_out<176>                       | IOB              | OUTPUT    | LVCMOS33             |       | 12       | SLOW |              |          |          |
| pin_out<177>                       | IOB              | OUTPUT    | LVCMOS33             |       | 12       | SLOW |              |          |          |
| pin_out<178>                       | IOB              | OUTPUT    | LVCMOS33             |       | 12       | SLOW |              |          |          |
| pin_out<179>                       | IOB              | OUTPUT    | LVCMOS33             |       | 12       | SLOW |              |          |          |
| pin_out<180>                       | IOB              | OUTPUT    | LVCMOS33             |       | 12       | SLOW |              |          |          |
| pin_out<181>                       | IOB              | OUTPUT    | LVCMOS33             |       | 12       | SLOW |              |          |          |
| pin_out<182>                       | IOB              | OUTPUT    | LVCMOS33             |       | 12       | SLOW |              |          |          |
| pin_out<183>                       | IOB              | OUTPUT    | LVCMOS33             |       | 12       | SLOW |              |          |          |
| pin_out<184>                       | IOB              | OUTPUT    | LVCMOS33             |       | 12       | SLOW |              |          |          |
| pin_out<185>                       | IOB              | OUTPUT    | LVCMOS33             |       | 12       | SLOW |              |          |          |
| pin_out<186>                       | IOB              | OUTPUT    | LVCMOS33             |       | 12       | SLOW |              |          |          |
| pin_out<187>                       | IOB              | OUTPUT    | LVCMOS33             |       | 12       | SLOW |              |          |          |
| pin_out<188>                       | IOB              | OUTPUT    | LVCMOS33             |       | 12       | SLOW |              |          |          |
| pin_out<189>                       | IOB              | OUTPUT    | LVCMOS33             |       | 12       | SLOW |              |          |          |
| pin_out<190>                       | IOB              | OUTPUT    | LVCMOS33             |       | 12       | SLOW |              |          |          |
| pin_out<191>                       | IOB              | OUTPUT    | LVCMOS33             |       | 12       | SLOW |              |          |          |
| pin_out<192>                       | IOB              | OUTPUT    | LVCMOS33             |       | 12       | SLOW |              |          |          |
| pin_out<193>                       | IOB              | OUTPUT    | LVCMOS33             |       | 12       | SLOW |              |          |          |
+---------------------------------------------------------------------------------------------------------------------------------------------------------+

Section 7 - RPMs
----------------

Section 8 - Guide Report
------------------------
Guide not run on this design.

Section 9 - Area Group and Partition Summary
--------------------------------------------

Partition Implementation Status
-------------------------------

  No Partitions were found in this design.

-------------------------------

Area Group Information
----------------------

  No area groups were found in this design.

----------------------

Section 10 - Timing Report
--------------------------
A logic-level (pre-route) timing report can be generated by using Xilinx static
timing analysis tools, Timing Analyzer (GUI) or TRCE (command line), with the
mapped NCD and PCF files. Please note that this timing report will be generated
using estimated delay information. For accurate numbers, please generate a
timing report with the post Place and Route NCD file.

For more information about the Timing Analyzer, consult the Xilinx Timing
Analyzer Reference Manual; for more information about TRCE, consult the Xilinx
Command Line Tools User Guide "TRACE" chapter.

Section 11 - Configuration String Details
-----------------------------------------
Use the "-detail" map option to print out Configuration Strings

Section 12 - Control Set Information
------------------------------------
Use the "-detail" map option to print out Control Set Information.

Section 13 - Utilization by Hierarchy
-------------------------------------
Use the "-detail" map option to print out the Utilization by Hierarchy section.
